Banovce nad Bebravou
Bánovce nad Bebravou
Banska Bystrica
Banská Bystrica
Banska Stiavnica
Banská Štiavnica
Bardejov
Bratislava I
Bratislava II
Bratislava III
Bratislava IV
Bratislava V
Brezno
Bytca
Bytča
Cadca
Čadca
Detva
Dolny Kubin
Dolný Kubín
Dunajska Streda
Dunajská Streda
Galanta
Gelnica
Hlohovec
Humenne
Humenné
Ilava
Kezmarok
Kežmarok
Komarno
Komárno
Kosice I
Košice I
Kosice II
Košice II
Kosice III
Košice III
Kosice IV
Košice IV
Kosice-okolie
Košice-okolie
Krupina
Kysihybel
Kysihýbel
Kysucke Nove Mesto
Kysucké Nové Mesto
Levice
Levoca
Levoča
Liptovsky Mikulas
Liptovský Mikuláš
Lucenec
Lučenec
Malacky
Martin
Medzilaborce
Michalovce
Myjava
Namestovo
Námestovo
Nitra
Nove Mesto n.Vahom
Nové Mesto n.Váhom
Nove Zamky
Nové Zámky
Partizanske
Partizánske
Pezinok
Piestany
Piešťany
Poltar
Poltár
Poprad
Povazska Bystrica
Považská Bystrica
Presov
Prešov
Prievidza
Puchov
Púchov
Revuca
Revúca
Rimavska Sobota
Rimavská Sobota
Roznava
Rožňava
Ruzomberok
Ružomberok
Sabinov
Sala
Šaľa
Senec
Senica
Skalica
Snina
Sobrance
Spisska Nova Ves
Spišská Nová Ves
Stara Lubovna
Stará Ľubovňa
Stropkov
Svidnik
Svidník
Topolcany
Topoľčany
Trebisov
Trebišov
Trencin
Trenčín
Trnava
Turcianske Teplice
Turčianske Teplice
Tvrdosin
Tvrdošín
Velky Krtis
Veľký Krtíš
Vranov nad Toplou
Vranov nad Topľou
Zarnovica
Žarnovica
Ziar nad Hronom
Žiar nad Hronom
Zilina
Žilina
Zlate Moravce
Zlaté Moravce
Zvolen