Abelova
Ábelová
Abovce
Abraham
Abrahám
Abrahamovce
Abrahámovce
Abramova
Abramová
Abranovce
Adamovske Kochanovce
Adamovské Kochanovce
Adidovce
Albinov
Albínov
Aleksince
Alekšince
Alexandrov Dvor
Alzbetin Dvor
Alžbetin Dvor
Amadeho Kracany
Amadeho Kračany
Anala
Aňala
Analske Zahrady
Aňalské Záhrady
Andac
Andač
Andice
Andovce
Andrejova
Andrejová
Andrejovka
Arad
Ardanovce
Ardovo
Arma
Arnutovce
Bab
Báb
Babie
Babin
Babín
Babin Potok
Babina
Babiná
Babindol
Babinec
Babise
Babiše
Babkov
Babulicov Vrch
Bac
Báč
Bacala
Bačala
Backa
Bačka
Backov
Bačkov
Backovik
Bačkovík
Bacovce
Báčovce
Bacuch
Bacúch
Bacurov
Bacúrov
Badan
Baďan
Badice
Bádice
Badin
Badín
Bahon
Báhoň
Bajany
Bajc
Bajč
Bajerov
Bajerovce
Bajka
Bajtava
Baka
Bakta
Balaze
Baláže
Baldovce
Balog nad Iplom
Balog nad Ipľom
Balon
Baloň
Balvany
Bana
Baňa
Bana Lucia
Baňa Lucia
Banka
Banky
Banov
Bánov
Banova
Bánová
Banovce nad Bebravou
Bánovce nad Bebravou
Banovce nad Ondavou
Bánovce nad Ondavou
Banska
Banská
Banska Bela
Banská Belá
Banska Bystrica
Banská Bystrica
Banska Hodrusa
Banská Hodruša
Banska Stiavnica
Banská Štiavnica
Banske
Banské
Bansky Studenec
Banský Studenec
Bara
Barca
Bardejov
Bardejovska Nova Ves
Bardejovská Nová Ves
Bardejovska Zabava
Bardejovská Zábava
Bardejovske Kupele
Bardejovské Kúpele
Bardonovo
Bardoňovo
Bartosova Lehotka
Bartošova Lehôtka
Bartosovce
Bartošovce
Baska
Baška
Baskovce
Baškovce
Basovce
Bašovce
Bastin
Baštín
Batizovce
Batka
Bátka
Batorova
Bátorová
Batorove Kosihy
Bátorove Kosihy
Batovce
Bátovce
Becherov
Beckov
Beckovska Vieska
Beckovská Vieska
Becov
Bečov
Beharovce
Behynce
Beketfa
Bela
Belá
Bela - Dulice
Belá - Dulice
Bela nad Cirochou
Belá nad Cirochou
Beladice
Belejov
Belejovce
Belek
Belin
Belín
Belina
Belince
Bellova Ves
Beloveza
Beloveža
Beluj
Belusa
Beluša
Belza
Belža
Benadikova
Beňadiková
Benadikovce
Beňadikovce
Benadovo
Beňadovo
Benatina
Beňatina
Beniakovce
Benice
Benkova Poton
Benkova Potôň
Benkovce
Benov
Beňov
Benova Lehota
Beňova Lehota
Benus
Beňuš
Benusovce
Beňušovce
Bernatovce
Bernátovce
Bernolakovo
Bernolákovo
Bertotovce
Besa
Beša
Besenov
Bešeňov
Besenova
Bešeňová
Besne
Besné
Betlanovce
Betlenovce
Betliar
Bezdedov - Vieska
Bezovce
Bežovce
Bidovce
Biel
Biela
Biela Voda
Biele Vody
Bielovce
Biely Kostol
Biely Potok
Bijacovce
Bilkove Humence
Bílkove Humence
Bina
Bíňa
Bindt
Binovce
Bíňovce
Biskupice
Biskupova
Biskupová
Bitarova
Bitarová
Blahova
Blahová
Blatna na Ostrove
Blatná na Ostrove
Blatna Polianka
Blatná Polianka
Blatne
Blatné
Blatne Remety
Blatné Remety
Blatne Revistia
Blatné Revištia
Blatnica
Blazice
Blažice
Blazkov
Blažkov
Blazkova
Blažková
Blazovce
Blažovce
Blesovce
Blhovce
Bobot
Bobotska Lehota
Bobotská Lehota
Bobrov
Bobrovcek
Bobrovček
Bobrovec
Bobrovnik
Bobrovník
Bociar
Bočiar
Bodice
Bodiky
Bodíky
Bodina
Bodiná
Bodok
Bodorova
Bodorová
Bodovce
Bodovka - Krivosud
Bodovka - Krivosúd
Bodruzal
Bodružal
Bodza
Bodzianske Luky
Bodzianske Lúky
Bogliarka
Bohata
Bohatá
Bohdanovce
Bohdanovce n/Trnavou
Bohdanovce nad Trnavou
Bohelov
Boheľov
Bohunice
Bohunovo
Bohúňovo
Bojna
Bojná
Bojnice
Bojnice - kupele
Bojnice - kúpele
Bojnicky
Bojničky
Bokros
Bokroš
Boksa
Bokša
Bol
Boľ
Boldog
Boleraz
Boleráz
Bolesov
Bolešov
Boliarov
Bolkovce
Boľkovce
Borcany
Borčany
Borcice
Borčice
Borcova
Borcová
Borda
Borinka
Borka
Bôrka
Borov
Borova
Borová
Borovce
Borsa
Borša
Borsky Mikulas
Borský Mikuláš
Borsky Peter
Borský Peter
Borsky Svaty Jur
Borský Svätý Jur
Bory
Bosaca
Bošáca
Bosany
Bošany
Bosianska Neporadza
Bošianska Neporadza
Botany
Boťany
Bottovo
Bozcice
Božčice
Bracovce
Bradno
Brádno
Branc
Branč
Branovo
Bratislava
Bratislava - Cunovo
Bratislava - Čunovo
Bratislava - Devin
Bratislava - Devín
Bratislava - Devinska Nova Ves
Bratislava - Devínska Nová Ves
Bratislava - Dubravka
Bratislava - Dúbravka
Bratislava - Jarovce
Bratislava - Karlova Ves
Bratislava - Lamac
Bratislava - Lamač
Bratislava - Nove Mesto
Bratislava - Nové Mesto
Bratislava - Petrzalka
Bratislava - Petržalka
Bratislava - Podunajske Biskupice
Bratislava - Podunajské Biskupice
Bratislava - Raca
Bratislava - Rača
Bratislava - Rusovce
Bratislava - Ruzinov
Bratislava - Ružinov
Bratislava - Stare Mesto
Bratislava - Staré Mesto
Bratislava - Vajnory
Bratislava - Vrakuna
Bratislava - Vrakuňa
Bratislava - Zahorska Bystrica
Bratislava - Záhorská Bystrica
Bratkovica
Bravacovo
Braväcovo
Brdarka
Brdárka
Brehov
Brehy
Brekov
Brestina
Brestov
Brestov nad Laborcom
Brestovany
Brestove
Brestové
Brestovec
Bretejovce
Bretka
Breza
Brezany
Brežany
Brezina
Breziny
Breznica
Breznicka
Breznička
Brezno
Brezolupy
Brezov
Brezova pod Bradlom
Brezová pod Bradlom
Brezovec
Brezovica
Brezovicka
Brezovička
Brezovka
Brhlovce
Briestenne
Briestenné
Briestie
Brieštie
Brisovka
Brišovka
Brnice
Brodno
Brodske
Brodské
Brodzany
Brslica
Bršlica
Bruchacka
Bruchačka
Brunovce
Brusnica
Brusnik
Brusník
Brusno
Brusno - kupele
Brusno - kúpele
Brutovce
Bruty
Brvniste
Brvnište
Brzotin
Brzotín
Buc
Búč
Bucany
Bučany
Bucina
Bučina
Buckovec
Bučkovec
Buclovany
Bucuhaza
Bučuháza
Budatin
Budatín
Budatinska Lehota
Budatínska Lehota
Budca
Budča
Budicka
Budička
Budikovany
Budimir
Budimír
Budina
Budiná
Budince
Budis
Budiš
Budkovce
Budmerice
Budulov
Budzin
Budzín
Buglovce
Bujakovo
Bukova
Buková
Bukovce
Bukovec
Bukovina
Bukovinka
Bulhary
Bunde
Bunetice
Bunkovce
Busince
Bušince
Busovce
Bušovce
Bustelek
Búštelek
Butty
Buzica
Buzice
Buzitka
Bysta
Byšta
Byster
Bystra
Bystrá
Bystrany
Bystre
Bystré
Bystricany
Bystričany
Bystricka
Bystrička
Bytca
Bytča
Bytcica
Bytčica
Bzany
Bžany
Bzenica
Bzenov
Bzince
Bzince pod Javorinou
Bziny
Bzovik
Bzovík
Bzovska Lehotka
Bzovská Lehôtka
Cab
Čab
Cabaj
Cabalovce
Čabalovce
Cabiny
Čabiny
Cabov
Cabradsky Vrbovok
Čabradský Vrbovok
Cachtice
Čachtice
Cacin
Čačín
Cacov
Čáčov
Cadca
Čadca
Cadca - Kycerka
Čadca - Kyčerka
Cadecka
Čadečka
Cajakovo
Čajakovo
Cajkov
Čajkov
Caka
Čaka
Cakajovce
Čakajovce
Cakanovce
Čakanovce
Cakany
Čakany
Caklov
Čaklov
Cakov
Calovec
Čalovec
Camovce
Čamovce
Cana
Čaňa
Cankov
Čankov
Capor
Čápor
Caradice
Čaradice
Cary
Čáry
Casta
Častá
Castkov
Častkov
Castkovce
Častkovce
Cata
Čata
Cataj
Čataj
Cavoj
Čavoj
Cebovce
Čebovce
Cecehov
Čečehov
Cecejovce
Čečejovce
Cechanky
Čechánky
Cechova
Čechová
Cechy
Čechy
Cechynce
Čechynce
Cecinska Poton
Čečínska Potôň
Cejkov
Cekovce
Čekovce
Celadice
Čeľadice
Celadince
Čeľadince
Celare
Čeláre
Celkova Lehota
Čelkova Lehota
Celovce
Čelovce
Celulozka
Celulózka
Cemerne
Čemerné
Cemjata
Cenkesfa
Čenkesfa
Cenkov
Čenkov
Cenkovce
Čenkovce
Cerenany
Čereňany
Cerencany
Čerenčany
Cergov
Čergov
Cerhat
Čerhát
Cerhov
Čerhov
Cerin
Čerín
Cerman
Čermáň
Cermany
Čermany
Cernik
Černík
Cernina
Černina
Cernochov
Černochov
Cernochov Vrch
Černochov Vrch
Cernova
Černová
Cerova
Cerová
Ceroviny
Cerovo
Certizne
Čertižné
Cerven
Červeň
Cervena Skala
Červená Skala
Cervena Voda
Červená Voda
Cervenany
Červeňany
Cervenica
Červenica
Cervenica pri Sabin.
Červenica pri Sabin.
Cervenica pri Sabinove
Červenica pri Sabinove
Cervenik
Červeník
Cerveny Hradok
Červený Hrádok
Cerveny Kamen
Červený Kameň
Cerveny Klastor
Červený Kláštor
Cerveny Klastor - kupele
Červený Kláštor - kúpele
Cerveny Klastor-kup.
Červený Kláštor-kúp.
Ceske Brezovo
České Brezovo
Cestice
Cetuna
Chalmova
Chalmová
Chanava
Chlaba
Chľaba
Chladna Studna
Chladná Studňa
Chlebnice
Chlmec
Chmelnica
Chmeľnica
Chmelov
Chmeľov
Chmelova
Chmeľová
Chmelovec
Chmeľovec
Chminany
Chmiňany
Chminian. Jakubovany
Chminianska Nova Ves
Chminianska Nová Ves
Chminianske Jakubovany
Choca
Choča
Chocholna
Chocholná
Chonkovce
Choňkovce
Chorvatice
Chorvatsky Grob
Chorvátsky Grob
Chorvaty
Chorváty
Chotar
Chotár
Chotca
Chotča
Chotin
Chotín
Chrabrany
Chramec
Chrámec
Chrast
Chrasť
Chrast nad Hornadom
Chrasť nad Hornádom
Chrastany
Chrašťany
Chrastince
Chrastne
Chrastné
Chrenova
Chrenová
Chrenovec - Brusno
Chropov
Chrtany
Chrťany
Chtelnica
Chuda Lehota
Chudá Lehota
Chvalova
Chvalová
Chvatimech
Chvojnica
Chym
Chynorany
Chyzerovce
Chyzne
Chyžné
Ciakov
Čiakov
Cicarovce
Čičarovce
Cicava
Čičava
Cicmany
Čičmany
Cicov
Číčov
Cierna
Čierna
Cierna Hora
Čierna Hora
Cierna Lehota
Čierna Lehota
Cierna nad Tisou
Čierna nad Tisou
Cierna Voda
Čierna Voda
Cierne
Čierne
Cierne Klacany
Čierne Kľačany
Cierne nad Toplou
Čierne nad Topľou
Cierne Pole
Čierne Pole
Cierny Balog
Čierny Balog
Cierny Brod
Čierny Brod
Cierny Chrbat
Čierny Chrbát
Cierny Potok
Čierny Potok
Cierny Vah
Čierny Váh
Cifare
Čifáre
Cifer
Cífer
Cigel
Cigeľ
Cigelka
Cigeľka
Cigla
Ciky
Čiky
Cilistov
Čilistov
Cilizska Radvan
Čiližská Radvaň
Cimenna
Cimenná
Cimhova
Čimhová
Cinobana
Cinobaňa
Circ
Čirč
Ciz
Číž
Ciz - kupele
Číž - kúpele
Cizatice
Čižatice
Coltovo
Čoltovo
Cremosne
Čremošné
Cucma
Čučma
Cukalovce
Čukalovce
Cukarska Paka
Čukárska Paka
Cuklasovce
Čuklasovce
Cunin
Cunín
Cunovo
Čunovo
Dacov
Ďačov
Dacov Lom
Dačov Lom
Daletice
Dancov Potok
Danisovce
Danišovce
Danova
Ďanová
Dapalovce
Ďapalovce
Dargov
Dargovskych Hrdinov
Dargovských Hrdinov
Davidov
Debrad
Debraď
Dechtice
Dedacov
Dedačov
Dedina Mladeze
Dedina Mládeže
Dedinka
Dedinka pri Dunaji
Dedinky
Dekys
Dekýš
Delava
Demandice
Demanova
Demänová
Demanovska Dolina
Demänovská Dolina
Demjata
Demkovska
Demkovská
Desna
Dešná
Detrik
Detrík
Detva
Detva - sidlisko
Detva - sídlisko
Detvianska Huta
Devicany
Devičany
Devicie
Devičie
Devin
Devín
Devinska Nova Ves
Devínska Nová Ves
Dezerice
Dežerice
Diakova
Diaková
Diakovce
Didka
Diel
Diva
Diviacka Nova Ves
Diviacka Nová Ves
Diviaky
Diviaky nad Nitricou
Divin
Divín
Divina
Divinka
Divinske Lazy
Divínske Lazy
Dlha
Dlhá
Dlha Luka
Dlhá Lúka
Dlha nad Kysucou
Dlhá nad Kysucou
Dlha nad Oravou
Dlhá nad Oravou
Dlha nad Vahom
Dlhá nad Váhom
Dlha Ves
Dlhá Ves
Dlhe Klcovo
Dlhé Klčovo
Dlhe nad Cirochou
Dlhé nad Cirochou
Dlhe Pole
Dlhé Pole
Dlhe Straze
Dlhé Stráže
Dlhona
Dlhoňa
Dlzin
Dlžín
Dobogov
Dobra
Dobrá
Dobra Niva
Dobrá Niva
Dobra Voda
Dobrá Voda
Dobra Vola
Dobrá Voľa
Dobrianky
Dobroc
Dobroč
Dobrocna
Dobročná
Dobrohost
Dobrohošť
Dobroslava
Dobry Potok
Dobrý Potok
Dobsin. Lad. Jaskyna
Dobšin. Ľad. Jaskyňa
Dobsina
Dobšiná
Dobsinska Ladova Jaskyna
Dobšinská Ľadová Jaskyňa
Dobsinska Masa
Dobšinská Maša
Dohnany
Dohňany
Dojc
Dojč
Dolany
Doľany
Dolina
Dolinka
Dolinky
Dolna Breznica
Dolná Breznica
Dolna Bzova
Dolná Bzová
Dolna Krupa
Dolná Krupá
Dolna Lehota
Dolná Lehota
Dolna Marikova
Dolná Mariková
Dolna Micina
Dolná Mičiná
Dolna Molca
Dolná Môlča
Dolna Poruba
Dolná Poruba
Dolna Poton
Dolná Potôň
Dolna Sec
Dolná Seč
Dolna Streda
Dolná Streda
Dolna Strehova
Dolná Strehová
Dolna Stubna
Dolná Štubňa
Dolna Suca
Dolná Súča
Dolna Tizina
Dolná Tižina
Dolna Trnavka
Dolná Trnávka
Dolna Ves
Dolná Ves
Dolna Zavrska
Dolná Závrská
Dolna Zdana
Dolná Ždaňa
Dolne Breziny
Dolné Breziny
Dolne Chlebany
Dolné Chlebany
Dolne Drzkovce
Dolné Držkovce
Dolne Dubove
Dolné Dubové
Dolne Hamre
Dolné Hámre
Dolne Janiky
Dolné Janíky
Dolne Jaseno
Dolné Jaseno
Dolne Kockovce
Dolné Kočkovce
Dolne Kosariska
Dolné Košariská
Dolne Krskany
Dolné Krškany
Dolne Lefantovce
Dolné Lefantovce
Dolne Lelovce
Dolné Lelovce
Dolne Lovcice
Dolné Lovčice
Dolne Mladonice
Dolné Mladonice
Dolne Motesice
Dolné Motešice
Dolne Nastice
Dolné Naštice
Dolne Obdokovce
Dolné Obdokovce
Dolne Oresany
Dolné Orešany
Dolne Otrokovce
Dolné Otrokovce
Dolne Ozorovce
Dolné Ozorovce
Dolne Plachtince
Dolné Plachtince
Dolne Pribelce
Dolné Príbelce
Dolne Rykyncice
Dolné Rykynčice
Dolne Saliby
Dolné Saliby
Dolne Semerovce
Dolné Semerovce
Dolne Slazany
Dolné Sľažany
Dolne Srnie
Dolné Srnie
Dolne Strhare
Dolné Strháre
Dolne Trhoviste
Dolné Trhovište
Dolne Turovce
Dolné Turovce
Dolne Vestenice
Dolné Vestenice
Dolne Zahorany
Dolné Zahorany
Dolne Zelenice
Dolné Zelenice
Dolny Badin
Dolný Badín
Dolny Bar
Dolný Bar
Dolny Chotar
Dolný Chotár
Dolny Dur
Dolný Ďur
Dolny Harmanec
Dolný Harmanec
Dolny Hricov
Dolný Hričov
Dolny Jalsovik
Dolný Jalšovík
Dolny Jatov
Dolný Jatov
Dolny Jelenec
Dolný Jelenec
Dolny Kalnik
Dolný Kalník
Dolny Kubin
Dolný Kubín
Dolny Les
Dolný Les
Dolny Lieskov
Dolný Lieskov
Dolny Lopasov
Dolný Lopašov
Dolny Mostenec
Dolný Moštenec
Dolny Ohaj
Dolný Ohaj
Dolny Pial
Dolný Pial
Dolny Smokovec
Dolný Smokovec
Dolny Stal
Dolný Štál
Dolny Stefanov
Dolný Štefanov
Dolny Tisovnik
Dolný Tisovník
Dolny Turcek
Dolný Turček
Dolny Vadicov
Dolný Vadičov
Dolny Vinodol
Dolný Vinodol
Doma
Domadice
Domaniky
Domaníky
Domaniza
Domaniža
Domanovce
Domaňovce
Domasa
Domaša
Donovaly
Dora
Dovalovo
Drabsko
Drábsko
Drahnov
Drahňov
Drahosanka
Drahošanka
Drahovce
Dravce
Drazice
Dražice
Drazkovce
Dražkovce
Drazovce
Dražovce
Driecna
Driečna
Driencany
Drienčany
Drienica
Drienov
Drienovec
Drienovo
Drienovska Nova Ves
Drienovská Nová Ves
Drietoma
Drna
Drňa
Drnava
Druzstevna pri Horn.
Družstevná pri Horn.
Druzstevna pri Hornade
Družstevná pri Hornáde
Drzenice
Drženice
Drzkovce
Držkovce
Dubakovo
Ďubákovo
Dubie
Dubinne
Dubinné
Dubkova
Dubková
Dubnica
Dubnica nad Vahom
Dubnica nad Váhom
Dubnicka
Dubnička
Dubnik
Dubník
Dubno
Dubodiel
Dubova
Dubová
Dubovany
Dubovce
Dubove
Dubové
Dubovec
Dubovica
Dubrava
Dúbrava
Dubravica
Dúbravica
Dubravka
Dúbravka
Dubravy
Dúbravy
Duchenec
Ducove
Ducové
Dudince
Dukovce
Dulice
Dulov
Dulov Dvor
Ďulov Dvor
Dulova Ves
Dulovce
Dulovo
Dunajov
Dunajska Luzna
Dunajská Lužná
Dunajska Streda
Dunajská Streda
Dunajsky Klatov
Dunajský Klátov
Duplin
Duplín
Durcina
Ďurčiná
Durdos
Ďurďoš
Durdosik
Ďurďošík
Durdove
Ďurďové
Durkov
Ďurkov
Durkova
Ďurková
Durkovce
Ďurkovce
Duzava
Dúžava
Dvor Mikulas
Dvor Mikuláš
Dvorany nad Nitrou
Dvorec
Dvorianky
Dvorniky
Dvorníky
Dvorniky - Vcelare
Dvorníky - Včeláre
Dvorniky n/ Nitricou
Dvorníky n/ Nitricou
Dvorniky nad Nitricou
Dvorníky nad Nitricou
Dvory nad Zitavou
Dvory nad Žitavou
Dycka
Dyčka
Dzungla
Džungľa
Egres
Egreš
Eliasovce
Eliášovce
Etreho Kracany
Etreho Kračany
Fackov
Fačkov
Fajtov
Falkusovce
Falkušovce
Fancova
Fančová
Farna
Farná
Fejses
Fejséš
Fekisovce
Fekišovce
Fiacice
Fiačice
Figa
Fijas
Fijaš
Filakovo
Fiľakovo
Filakovske Klacany
Fiľakovské Kľačany
Filakovske Kovace
Fiľakovské Kováče
Filice
Filier
Filipovo
Fintice
Flajsova
Flajšová
Folkusova
Folkušová
Forbaky - Klukany
Forbasy
Francovce
Fricka
Frička
Frickovce
Fričkovce
Fricovce
Fričovce
Fulianka
Furmanec
Gabcikovo
Gabčíkovo
Gaboltov
Gajary
Gajdos
Gajdoš
Galanta
Galovany
Gan
Gáň
Ganovce
Gánovce
Gapel
Gápel
Gaskovce
Gaškovce
Gasparovo
Gašparovo
Gbelany
Gbeľany
Gbelce
Gbely
Geca
Geča
Geca c. 107-110
Geča č. 107-110
Gelnica
Gemer
Gemercek
Gemerček
Gemerska Horka
Gemerská Hôrka
Gemerska Panica
Gemerská Panica
Gemerska Poloma
Gemerská Poloma
Gemerska Ves
Gemerská Ves
Gemerske Dechtare
Gemerské Dechtáre
Gemerske Michalovce
Gemerské Michalovce
Gemerske Teplice
Gemerské Teplice
Gemersky Jablonec
Gemerský Jablonec
Gemersky Milhost
Gemerský Milhosť
Gemersky Sad
Gemerský Sad
Gena
Géňa
Geraltov
Gerlachov
Giglovce
Giraltovce
Girovce
Glabusovce
Glabušovce
Gocaltovo
Gočaltovo
Gocovo
Gočovo
Golianovo
Gombos
Gomboš
Gondovo
Gorazdov
Gortva
Gotovany
Gôtovany
Grajciar
Granc - Petrovce
Granč - Petrovce
Gregorova Vieska
Gregorovce
Gribov
Grodzin
Grune
Grúne
Gruzovce
Gug
Gúg
Gynov
Gyňov
Habovka
Habura
Hacava
Hačava
Hadose
Hadoše
Hadovce
Hadusovce
Hadušovce
Hadviga
Hagy
Hágy
Haj
Háj
Hajiky - Maky
Hájiky - Maky
Hajna Nova Ves
Hajná Nová Ves
Hajnacka
Hajnáčka
Hajniky
Hájniky
Hajske
Hájske
Hajtovka
Halacovce
Haláčovce
Halic
Halič
Haligovce
Haluzice
Hamor
Hámor
Hamre
Hámre
Hamre - Dolne Hamre
Hámre - Dolné Hámre
Hamre - Horne Hamre
Hámre - Horné Hámre
Hamuliakovo
Handlova
Handlová
Hanigovce
Haniska
Hankova
Hanková
Hankovce
Hanusovce nad Toplou
Hanušovce nad Topľou
Harakovce
Harhaj
Harichovce
Harmanec
Harmonia
Harmónia
Harvelka
Hatalov
Hatne
Hatné
Havaj
Havka
Havran
Havranec
Havrania
Havrania Dolina
Hazin
Hažín
Hazin nad Cirochou
Hažín nad Cirochou
Hazlin
Hažlín
Hedbeneete
Heďbeneéte
Helcmanovce
Helpa
Heľpa
Henckovce
Henclova
Henclová
Hencovce
Hendrichovce
Herlany
Herľany
Herman
Hermanovce
Hermanovce n/ Toplou
Hermanovce n/ Topľou
Hermanovce nad Toplou
Hermanovce nad Topľou
Hertnik
Hertník
Hervartov
Hetmen
Hetméň
Hiadel
Hiadeľ
Hincovce
Hladovka
Hlavice
Hlboke
Hlboké
Hlboke nad Vahom
Hlboké nad Váhom
Hlinene
Hlinené
Hlinik
Hliník
Hlinik nad Hronom
Hliník nad Hronom
Hlinik nad Vahom
Hliník nad Váhom
Hlinne
Hlinné
Hlivistia
Hlivištia
Hlohovec
Hloza
Hloža
Hniezdne
Hnilcik
Hnilčík
Hnilec
Hnojne
Hnojné
Hnusta
Hnúšťa
Hodejov
Hodejovec
Hodkovce
Hodrusa - Hamre
Hodruša - Hámre
Hodulov Vrch
Hokovce
Holanovo
Holcikovce
Holčíkovce
Holiare
Holic
Holíč
Holice
Holisa
Holiša
Holotka
Holumnica
Honce
Hontianska Vrbica
Hontianske Moravce
Hontianske Nemce
Hontianske Tesare
Hontianske Tesáre
Hontianske Trstany
Hontianske Trsťany
Horelica
Horenicka Horka
Horenická Hôrka
Horka
Hôrka
Horka nad Vahom
Hôrka nad Váhom
Horky
Hôrky
Horna
Horňa
Horna Breznica
Horná Breznica
Horna Dolina
Horná Dolina
Horna Hrinova
Horná Hriňová
Horna Kralova
Horná Kráľová
Horna Krupa
Horná Krupá
Horna Lehota
Horná Lehota
Horna Marikova
Horná Mariková
Horna Micina
Horná Mičiná
Horna Molca
Horná Môlča
Horna Poruba
Horná Poruba
Horna Poton
Horná Potôň
Horna Poton - Luky
Horná Potôň - Lúky
Horna Sec
Horná Seč
Horna Streda
Horná Streda
Horna Strehova
Horná Strehová
Horna Stubna
Horná Štubňa
Horna Suca
Horná Súča
Horna Tizina
Horná Tižina
Horna Trnavka
Horná Trnávka
Horna Ves
Horná Ves
Horna Zavrska
Horná Závrská
Horna Zdana
Horná Ždaňa
Horna Zlatna
Horná Zlatná
Hornany
Horňany
Horne Breziny
Horné Breziny
Horne Chlebany
Horné Chlebany
Horne Drzkovce
Horné Držkovce
Horne Dubove
Horné Dubové
Horne Hamre
Horné Hámre
Horne Janiky
Horné Janíky
Horne Jaseno
Horné Jaseno
Horne Kockovce
Horné Kočkovce
Horne Kosariska
Horné Košariská
Horne Krskany
Horné Krškany
Horne Lefantovce
Horné Lefantovce
Horne Lelovce
Horné Lelovce
Horne Lovcice
Horné Lovčice
Horne Mladonice
Horné Mladonice
Horne Motesice
Horné Motešice
Horne Myto
Horné Mýto
Horne Nastice
Horné Naštice
Horne Obdokovce
Horné Obdokovce
Horne Oresany
Horné Orešany
Horne Otrokovce
Horné Otrokovce
Horne Ozorovce
Horné Ozorovce
Horne Plachtince
Horné Plachtince
Horne Pribelce
Horné Príbelce
Horne Prsany
Horné Pršany
Horne Rykyncice
Horné Rykynčice
Horne Saliby
Horné Saliby
Horne Semerovce
Horné Semerovce
Horne Slazany
Horné Sľažany
Horne Srnie
Horné Srnie
Horne Stitare
Horné Štitáre
Horne Strhare
Horné Strháre
Horne Trhoviste
Horné Trhovište
Horne Turovce
Horné Turovce
Horne Vestenice
Horné Vestenice
Horne Zahorany
Horné Zahorany
Horne Zelenice
Horné Zelenice
Horny Badin
Horný Badín
Horny Bar
Horný Bar
Horny Cepen
Horný Čepeň
Horny Dur
Horný Ďur
Horny Hricov
Horný Hričov
Horny Jalsovik
Horný Jalšovík
Horny Jatov
Horný Jatov
Horny Jelenec
Horný Jelenec
Horny Kalnik
Horný Kalník
Horny Lieskov
Horný Lieskov
Horny Mostenec
Horný Moštenec
Horny Ohaj
Horný Ohaj
Horny Pial
Horný Pial
Horny Smokovec
Horný Smokovec
Horny Stefanov
Horný Štefanov
Horny Tisovnik
Horný Tisovník
Horny Turcek
Horný Turček
Horny Vadicov
Horný Vadičov
Horny Vinodol
Horný Vinodol
Horovce
Horsa
Horša
Hoste
Hostice
Hostie
Hostina
Hoštiná
Hostisovce
Hostišovce
Hostova
Hosťová
Hostovce
Hosťovce
Hostovice
Hozelec
Hrabicov
Hrabičov
Hrabkov
Hrabova Roztoka
Hrabová Roztoka
Hrabovcik
Hrabovčík
Hrabove
Hrabové
Hrabovec
Hrabovec n/ Laborcom
Hrabovec nad Laborcom
Hrabovka
Hrabovo
Hrabske
Hrabské
Hrabusice
Hrabušice
Hrachoviste
Hrachovište
Hrachovo
Hradisko
Hradiste
Hradište
Hradiste pod Vratnom
Hradište pod Vrátnom
Hradistska Molva
Hradištská Moľva
Hradna
Hradná
Hradok
Hrádok
Hran
Hraň
Hranicne
Hraničné
Hranovnica
Hrasne
Hrašné
Hrasovik
Hrašovík
Hrboltova
Hrboltová
Hrcel
Hrčeľ
Hrhov
Hriadky
Hricovske Podhradie
Hričovské Podhradie
Hrinova
Hriňová
Hrisovce
Hrišovce
Hrkac
Hrkáč
Hrkovce
Hrlica
Hrnciarky
Hrnčiarky
Hrnciarovce n/Parnou
Hrnčiarovce n/Parnou
Hrnciarovce nad Parnou
Hrnčiarovce nad Parnou
Hrnciarove
Hrnčiarové
Hrnciarska Ves
Hrnčiarska Ves
Hrnciarske Zaluzany
Hrnčiarske Zalužany
Hrochot
Hrochoť
Hromos
Hromoš
Hronec
Hronovce
Hronsek
Hronska Breznica
Hronská Breznica
Hronska Dubrava
Hronská Dúbrava
Hronske Klacany
Hronské Kľačany
Hronske Kosihy
Hronské Kosihy
Hronsky Benadik
Hronský Beňadik
Hruba Borsa
Hrubá Borša
Hruba Strana
Hrubá Strana
Hrubonovo
Hruboňovo
Hrubov
Hruby Buk
Hrubý Buk
Hruby Sur
Hrubý Šúr
Hrusov
Hrušov
Hrusovany
Hrušovany
Hrusove
Hrušové
Hrusovo
Hrušovo
Hrustin
Hruštín
Hubice
Hubina
Hubosovce
Hubošovce
Hubova
Hubová
Hubovo
Hucin
Hucín
Hudcovce
Hul
Humenne
Humenné
Huncovce
Hunkovce
Hurbanova Dolina
Hurbanova Ves
Hurbanovce
Hurbanovo
Husak
Husák
Husarik
Husina
Husiná
Hutka
Huty
Hviezdoslavov
Hvozdnica
Hybe
Hylov
Hýľov
Igram
Ihlany
Ihľany
Ihrac
Ihráč
Ihriste
Ihrište
Ilanovo
Iľanovo
Ilava
Ilias
Iliaš
Iliasov
Iliašov
Iliasovce
Iliašovce
Iliavka
Ilija
Imel
Imeľ
Imrov Kopec
Ina
Iňa
Inacovce
Iňačovce
Inovce
Ipel
Ipeľ
Ipelka
Ipeľka
Ipelske Predmostie
Ipeľské Predmostie
Ipelske Ulany
Ipeľské Úľany
Ipelsky Sokolec
Ipeľský Sokolec
Istebne
Istebné
Istebnik
Istebník
Ivachnova
Ivachnová
Ivancina
Ivančiná
Ivanice
Ivanisovo
Ivanišovo
Ivanka pri Dunaji
Ivanka pri Nitre
Ivanovce
Iviny
Iza
Iža
Izipovce
Ižipovce
Izkovce
Ižkovce
Izop
Ižop
Jablon
Jabloň
Jablonec
Jablonica
Jablonka
Jablonov
Jablonov nad Turnou
Jablonov nad Turňou
Jablonovce
Jabloňovce
Jablonove
Jablonové
Jabrikova
Jabriková
Jacovce
Jahodna
Jahodná
Jahodniky
Jahodníky
Jaklovce
Jakovany
Jakub
Jakubany
Jakubov
Jakubova Vola
Jakubova Voľa
Jakubovany
Jakusovce
Jakušovce
Jalaksova
Jalakšová
Jalna
Jalná
Jalova
Jalová
Jalovec
Jalsove
Jalšové
Jalsovik
Jalšovík
Jamnik
Jamník
Janice
Janik
Janík
Janikovce
Janíkovce
Janiky
Janíky
Jankovce
Janosikova
Jánošíková
Janosikovo na Ostrov
Jánošíkovo na Ostrov
Janosikovo na Ostrove
Jánošíkovo na Ostrove
Janosovka
Jánošovka
Janov
Janova Lehota
Janova Ves
Janovce
Janovik
Janovík
Jaraba
Jarabá
Jarabina
Jarna
Jarná
Jarok
Jarovce
Jarovnice
Jas.Bohunice-At.el.
Jasenica
Jasenie
Jasenov
Jasenova
Jasenová
Jasenovce
Jasenove
Jasenové
Jasenovo
Jasenovska
Jasenovská
Jaslovce
Jaslovske Bohunice
Jaslovské Bohunice
Jaslovske Bohunice-Atomova elektraren
Jaslovské Bohunice-Atómová elektráreň
Jasov
Jasov Vrch
Jašov Vrch
Jasova
Jasová
Jastraba
Jastrabá
Jastrabie Kracany
Jastrabie Kračany
Jastrabie nad Toplou
Jastrabie nad Topľou
Jastrabie pri Michal
Jastrabie pri Michalovciach
Jatov
Javorec
Javorina
Javorinka
Javorova
Javorová
Jazernica
Jazviny
Jedlinka
Jedlove Kostolany
Jedľové Kostoľany
Jedlovnik
Jedľovník
Jelenec
Jelka
Jelsava
Jelšava
Jelsavska Teplica
Jelšavská Teplica
Jelsovce
Jelšovce
Jelsovec
Jelšovec
Jenkovce
Jergaly
Jesenske
Jesenské
Jeskova Ves
Ješkova Ves
Jestice
Jezersko
Jezkova Ves n/N.
Ježkova Ves n/N.
Jezkova Ves nad Nitricou
Ježkova Ves nad Nitricou
Jovice
Jovsa
Juh
Jur nad Hronom
Jurkova Vola
Jurkova Voľa
Jurova
Jurová
Jurske
Jurské
Jursky Chlm
Jurský Chlm
Juskova Vola
Juskova Voľa
Kacanov
Kačanov
Kace
Kače
Kajal
Kalamenova
Kaľamenová
Kalameny
Kalava
Kaľava
Kalinciakovo
Kalinčiakovo
Kalinka
Kalinkovo
Kalinov
Kalinovo
Kalna
Kalná
Kalna nad Hronom
Kalná nad Hronom
Kalna Roztoka
Kalná Roztoka
Kalnica
Kalniste
Kalnište
Kalonda
Kalosa
Kaloša
Kalsa
Kalša
Kaluza
Kaluža
Kamanova
Kamanová
Kamenany
Kameňany
Kamenec
Kamenec pod Vtac.
Kamenec pod Vtáč.
Kamenec pod Vtacnikom
Kamenec pod Vtáčnikom
Kamenica
Kamenica n/Cirochou
Kamenica nad Cirochou
Kamenica nad Hronom
Kamenicany
Kameničany
Kamenicna
Kameničná
Kamenin
Kamenín
Kamenna Poruba
Kamenná Poruba
Kamenne Kosihy
Kamenné Kosihy
Kamenny Chotar
Kamenný Chotár
Kamenny Most
Kamenný Most
Kamenny Vrch
Kamenný Vrch
Kamienka
Kanas
Kanaš
Kanianka
Kapince
Kapisova
Kapišová
Kaplna
Kapona
Kapoňa
Kapusany
Kapušany
Kapusianske Klacany
Kapušianske Kľačany
Kapusianske Vojkovce
Kapušianske Vojkovce
Kardosova Vieska
Kardošova Vieska
Karlov Dvor
Karlova
Karlová
Karlova Ves
Karna
Karná
Karolina
Karolína
Kasov
Kašov
Kasova Lehotka
Kašova Lehôtka
Katarinska Huta
Katarínska Huta
Katlina
Kátlina
Katlovce
Kátlovce
Katov
Kátov
Katun
Katúň
Kava
Kavecany
Kavečany
Kazimir
Kazimír
Keblov - Zariec
Keblov - Zárieč
Kec
Kéč
Kecerovce
Kecerovske Kostolany
Kecerovské Kostoľany
Kecerovske Peklany
Kecerovské Pekľany
Kecerovsky Lipovec
Kecerovský Lipovec
Kechnec
Keckovce
Kečkovce
Kecovo
Kečovo
Kenderes
Kendereš
Kendice
Kesovce
Ket
Keť
Kevice
Kezmarok
Kežmarok
Kezmarske Zlaby
Kežmarské Žľaby
Kiarov
Kinces
Kinčeš
Kirt
Kírť
Kisovce
Kišovce
Klacany
Kľačany
Klace
Kľače
Klacno
Kľačno
Kladzany
Klak
Kľak
Klasov
Klastava
Klastor pod Znievom
Kláštor pod Znievom
Klatova Nova Ves
Klátova Nová Ves
Klcov
Klčov
Klcovany
Klčovany
Klenany
Kleňany
Klenov
Klenova
Klenová
Klenovec
Kliestina
Klieština
Klin
Klin nad Bodrogom
Kliz
Klíž
Klizska Nema
Klížska Nemá
Klizske Hradiste
Klížske Hradište
Klobusice
Klobušice
Klokoc
Klokoč
Klokocina
Klokočina
Klokocov
Klokočov
Klubina
Kluciaren
Kľučiareň
Kluciarove Kracany
Kľúčiarove Kračany
Klucove
Kľúčové
Klucovec
Kľúčovec
Kluknava
Klusov
Kľušov
Klusovska Zabava
Kľušovská Zábava
Kmetovce
Kmeťovce
Kmetovo
Kmeťovo
Knazia
Kňažia
Kobeliarovo
Kobylnice
Kobyly
Kocelovce
Koceľovce
Kochanovce
Kochnac
Kochnáč
Kociha
Kocin
Kočín
Kocovce
Kočovce
Kocurany
Kocurice
Kojatice
Kojaticka Dolina
Kojatická Dolina
Kojsov
Kojšov
Kokava nad Rimavicou
Kokosovce
Kokošovce
Koksov - Baksa
Kokšov - Bakša
Kolackov
Kolačkov
Kolacno
Kolačno
Kolare
Koláre
Kolarovice
Kolárovice
Kolarovo
Kolárovo
Kolbasov
Kolbovce
Kolibabovce
Kolinany
Kolíňany
Kolinovce
Kolonia
Kolónia
Kolonica
Kolta
Komanica
Komarany
Komárany
Komarno
Komárno
Komarov
Komárov
Komarovce
Komárovce
Komjatice
Komjatna
Komjatná
Komoca
Komoča
Komov
Koncita
Končitá
Koniarovce
Konkol
Konkoľ
Konradovce
Konrádovce
Konska
Konská
Konske
Konské
Konus
Koňuš
Kopanice
Kopanice-Priev. IV
Kopcany
Kopčany
Kopec
Kopernica
Koplotovce
Kopras
Kopráš
Koprivnica
Kordiky
Kordíky
Korejovce
Korna
Korňa
Kornica
Koromla
Koromľa
Korunkova
Korunková
Korytarky
Korytárky
Korytne
Korytné
Korytnica - kupele
Korytnica - kúpele
Kos
Koš
Kosariska
Košariská
Kosarovce
Košarovce
Koseca
Košeca
Kosecke Podhradie
Košecké Podhradie
Kosecke Rovne
Košecké Rovné
Kosice
Košice
Kosice - Barca
Košice - Barca
Kosice - Dargovskych Hrdinov
Košice - Dargovských Hrdinov
Kosice - Dzungla
Košice - Džungľa
Kosice - Juh
Košice - Juh
Kosice - Kavecany
Košice - Kavečany
Kosice - Kosicka Nova Ves
Košice - Košická Nová Ves
Kosice - Krasna
Košice - Krásna
Kosice - Lorincik
Košice - Lorinčík
Kosice - Lunik IX
Košice - Luník IX
Kosice - Myslava
Košice - Myslava
Kosice - Nad Jazerom
Košice - Nad Jazerom
Kosice - Peres
Košice - Pereš
Kosice - Polov
Košice - Poľov
Kosice - Saca
Košice - Šaca
Kosice - Sebastovce
Košice - Šebastovce
Kosice - Sever
Košice - Sever
Kosice - Sidlisko KVP
Košice - Sídlisko KVP
Kosice - Sidlisko Tahanovce
Košice - Sídlisko Ťahanovce
Kosice - Stare Mesto
Košice - Staré Mesto
Kosice - Tahanovce
Košice - Ťahanovce
Kosice - Vysne Opatske
Košice - Vyšné Opátske
Kosice - Zapad
Košice - Západ
Kosice - Zeleziarne
Košice - Železiarne
Kosicka Bela
Košická Belá
Kosicka Nova Ves
Košická Nová Ves
Kosicka Polianka
Košická Polianka
Kosicke Olsany
Košické Oľšany
Kosicky Klecenov
Košický Klečenov
Kosihovce
Kosihy nad Iplom
Kosihy nad Ipľom
Koskovce
Koškovce
Kosolna
Košolná
Kosorin
Kosorín
Kostany
Košťany
Kostany nad Turcom
Košťany nad Turcom
Kostiviarska
Kostivrch
Kostolany n/Hornadom
Kostoľany n/Hornádom
Kostolany nad Hornadom
Kostoľany nad Hornádom
Kostolany p/Tribecom
Kostoľany p/Tribečom
Kostolany pod Tribecom
Kostoľany pod Tribečom
Kostolec
Kostoliste
Kostolište
Kostolna
Kostolná
Kostolna - Zariecie
Kostolná - Záriečie
Kostolna Gala
Kostolná Gala
Kostolna pri Dunaji
Kostolná pri Dunaji
Kostolna Ves
Kostolná Ves
Kostolne
Kostolné
Kostolne Kracany
Kostolné Kračany
Kostolne Mitice
Kostolné Mitice
Kostolne Moravce
Kostolné Moravce
Kostolny Sek
Kostolný Sek
Kosuty
Košúty
Kotelnica
Kotesova
Kotešová
Kotmanova
Kotmanová
Kotrcina Lucka
Kotrčiná Lúčka
Kovacov
Kováčov
Kovacova
Kováčová
Kovacovce
Kováčovce
Kovalov
Koválov
Kovalovec
Koválovec
Kovarce
Kozany
Kožany
Kozarovce
Kozárovce
Kozelec
Kozelnik
Kozelník
Kozi Vrbovok
Kozí Vrbovok
Kozinska
Kozinská
Kozuchov
Kožuchov
Kozuchovce
Kožuchovce
Kracunovce
Kračúnovce
Krahule
Krajna Bystra
Krajná Bystrá
Krajna Polana
Krajná Poľana
Krajna Porubka
Krajná Porúbka
Krajne
Krajné
Krajne Cierno
Krajné Čierno
Krakovany
Kral
Kráľ
Kralik
Králik
Kraliky
Králiky
Kralka
Kráľka
Kralov Brod
Kráľov Brod
Kralova
Kráľová
Kralova Lehota
Kráľova Lehota
Kralova nad Vahom
Kráľová nad Váhom
Kralova pri Senci
Kráľová pri Senci
Kralovany
Kraľovany
Kralovce
Kráľovce
Kralovce - Krnisov
Kráľovce - Krnišov
Kralovianky
Kráľovianky
Kralovicova
Kráľovičová
Kralovicove Kracany
Kráľovičove Kračany
Kralovsky Chlmec
Kráľovský Chlmec
Kram
Krám
Kraskovo
Krasna
Krásna
Krasna Horka
Krásna Hôrka
Krasna Luka
Krásna Lúka
Krasna Ves
Krásna Ves
Krasnany
Krasňany
Krasno
Krásno
Krasno nad Kysucou
Krásno nad Kysucou
Krasnohor. Dlha Luka
Krásnohor. Dlhá Lúka
Krasnohor. Podhradie
Krásnohor. Podhradie
Krasnohorska Dlha Luka
Krásnohorská Dlhá Lúka
Krasnohorske Podhradie
Krásnohorské Podhradie
Krasnovce
Krásnovce
Krasny Brod
Krásny Brod
Krasny Dub
Krásny Dub
Kratke Kesy
Krátke Kesy
Kravany
Kravany nad Dunajom
Kravarska
Kravárska
Krcava
Krčava
Kremna
Kremná
Kremnica
Kremnicka
Kremnička
Kremnicke Bane
Kremnické Bane
Krislovce
Krišľovce
Krisovska Lieskova
Krišovská Liesková
Kristy
Kriva
Krivá
Kriva Olka
Krivá Oľka
Krivan
Kriváň
Krivany
Krive
Krivé
Krivec I
Krivec II
Krivoklat
Krivoklát
Krivostany
Krivošťany
Krivosud - Bodovka
Krivosúd - Bodovka
Kriz nad Vahom
Kríž nad Váhom
Krizany
Krížany
Krize
Kríže
Krizny Vrch
Krížny Vrch
Krizova Ves
Krížová Ves
Krizovany
Krížovany
Krizovany n/Dudvahom
Križovany n/Dudváhom
Krizovany nad Dudvahom
Križovany nad Dudváhom
Krizovy Dvor
Krížový Dvor
Krkosky
Krkošky
Krmes
Krmeš
Krna
Krná
Krnca
Krnča
Krne
Krné
Krnisov
Krnišov
Krokava
Krompachy
Krpelany
Krpeľany
Krskany
Krškany
Krtovce
Krucov
Kručov
Krupina
Krusetnica
Krušetnica
Krusinec
Krušinec
Krusovce
Krušovce
Kruzlov
Kružlov
Kruzlova
Kružlová
Kruzlovska Huta
Kružlovská Huta
Kruzna
Kružná
Kruzno
Kružno
Ksinna
Kšinná
Kubanovo
Kubáňovo
Kubikova
Kubíková
Kubinska
Kubínska
Kubra
Kubrá
Kubrica
Kucany
Kuchyna
Kuchyňa
Kucin
Kučín
Kuklov
Kukova
Kuková
Kukucinov
Kukučínov
Kunerad
Kunesov
Kunešov
Kunov
Kunova Teplica
Kuralany
Kuraľany
Kurima
Kurimany
Kurimka
Kurinec
Kurov
Kurtan
Kurtáň
Kusin
Kusín
Kutniky
Kútniky
Kuty
Kúty
Kuzmice
Kvacany
Kvačany
Kvakovce
Kvasov
Kvašov
Kvetnica
Kvetoslavov
Kycerka
Kýčerka
Kyjatice
Kyjov
Kykula
Kyncelova
Kynceľová
Kyncelove Kracany
Kynceľove Kračany
Kynek
Kysak
Kyselica
Kysihybel
Kysihýbel
Kysta
Kysuca
Kysucke Nove Mesto
Kysucké Nové Mesto
Kysucky Lieskovec
Kysucký Lieskovec
Kyzka
Lab
Láb
Lackov
Lackova
Lacková
Lackovce
Laclava
Laclavá
Lacnov
Lačnov
Lada
Ladce
Ladice
Ladislavov Dvor
Ladmovce
Ladomerska Vieska
Ladomerská Vieska
Ladomirov
Ladomirova
Ladomirová
Ladunkov
Ladzany
Laksarska Nova Ves
Lakšárska Nová Ves
Lalinok
Lamac
Lamač
Lancar
Lančár
Landor
Lándor
Lany
Lány
Lascov
Laskar
Laskár
Laskovce
Laškovce
Lastomir
Lastomír
Lastovce
Latkovce
Látkovce
Latky
Látky
Lazany
Lažany
Lazisko
Lazteky
Lažteky
Lazy pod Makytou
Lechnica
Lednica
Lednicke Rovne
Lednické Rovne
Lefantovce
Legnava
Lehnice
Lehota
Lehota nad Rimavicou
Lehota pod Vtacnikom
Lehota pod Vtáčnikom
Lehotka
Lehôtka
Lehotka pod Brehmi
Lehôtka pod Brehmi
Lehotska
Lehotská
Lekarovce
Lekárovce
Lela
Leľa
Leles
Lemesany
Lemešany
Lenartov
Lenartovce
Lendak
Lenka
Lentvora
Leopoldov
Lesenice
Lesicek
Lesíček
Lesne
Lesné
Lesne Kracany
Lesné Kračany
Lesnica
Lest
Lešť
Lestiny
Leštiny
Letanovce
Letnicie
Letničie
Levare
Leváre
Levice
Levkuska
Levkuška
Levoca
Levoča
Levocska Dolina
Levočská Dolina
Levocske Luky
Levočské Lúky
Leziachov
Ležiachov
Libichava
Licartovce
Ličartovce
Licince
Lider Tejed
Lidér Tejed
Liesek
Lieskov - Dolny Lieskov
Lieskov - Dolný Lieskov
Lieskov - Horny Lieskov
Lieskov - Horný Lieskov
Lieskov - Podskalie
Lieskov - Trstie
Lieskov - Tŕstie
Lieskov-Dol. Lieskov
Lieskov-Hor. Lieskov
Lieskova
Liesková
Lieskovany
Lieskove
Lieskové
Lieskove - Zemianske Lieskove
Lieskové - Zemianske Lieskové
Lieskove-Zem.Liesk.
Lieskové-Zem.Liesk.
Lieskovec
Liesno
Liešno
Liestany
Liešťany
Lietava
Lietavska Lucka
Lietavská Lúčka
Lietavska Svinna
Lietavská Svinná
Lietavska Zavadka
Lietavská Závadka
Likavka
Likier
Limbach
Lipany
Lipnik
Lipník
Lipniky
Lipníky
Lipniky - Podhrabina
Lipníky - Podhrabina
Lipova
Lipová
Lipovany
Lipovce
Lipovce - chaty
Lipove
Lipové
Lipovec
Lipovnik
Lipovník
Liptovska Anna
Liptovská Anna
Liptovska Kokava
Liptovská Kokava
Liptovska Luzna
Liptovská Lúžna
Liptovska Ondrasova
Liptovská Ondrašová
Liptovska Osada
Liptovská Osada
Liptovska Porubka
Liptovská Porúbka
Liptovska Sielnica
Liptovská Sielnica
Liptovska Stiavnica
Liptovská Štiavnica
Liptovska Tepla
Liptovská Teplá
Liptovska Teplicka
Liptovská Teplička
Liptovske Beharovce
Liptovské Beharovce
Liptovske Klacany
Liptovské Kľačany
Liptovske Matiasovce
Liptovské Matiašovce
Liptovske Revuce
Liptovské Revúce
Liptovske Sliace
Liptovské Sliače
Liptovsky Hradok
Liptovský Hrádok
Liptovsky Jan
Liptovský Ján
Liptovsky Michal
Liptovský Michal
Liptovsky Mikulas
Liptovský Mikuláš
Liptovsky Ondrej
Liptovský Ondrej
Liptovsky Peter
Liptovský Peter
Liptovsky Trnovec
Liptovský Trnovec
Liskova
Lisková
Lisov
Lišov
Litava
Litmanova
Litmanová
Livina
Livinske Opatovce
Livinské Opatovce
Livov
Livovska Huta
Livovská Huta
Lodno
Lok
Lokca
Lom nad Rimavicou
Lomna
Lomná
Lomne
Lomné
Lomnica
Lomnicka
Lomnička
Lonec
Lontov
Lopasov
Lopašov
Lopej
Lopuchov
Lopúchov
Lopus.Pazite-Lopusna
Lopuš.Pažite-Lopušná
Lopus.Pazite-Pazite
Lopuš.Pažite-Pažite
Lopusna
Lopušná
Lopusne Pazite - Lopusna
Lopušné Pažite - Lopušná
Lopusne Pazite - Pazite
Lopušné Pažite - Pažite
Lorincik
Lorinčík
Losonec
Lošonec
Lovca
Lovča
Lovce
Lovcica
Lovčica
Lovcica - Trubin
Lovčica - Trubín
Lovinobana
Lovinobaňa
Lozin
Ložín
Lozorno
Luba
Ľubá
Lubela
Ľubeľa
Lubenik
Lubeník
Lubianka
Ľubianka
Lubica
Ľubica
Lubienka
Ľubienka
Lubietova
Ľubietová
Lubina
Lubisa
Ľubiša
Lubochna
Ľubochňa
Luborca
Ľuborča
Luborec
Ľuboreč
Luboriecka
Ľuboriečka
Lubotice
Ľubotice
Lubotin
Ľubotín
Lubovec
Ľubovec
Luc na Ostrove
Lúč na Ostrove
Lucatin
Lučatín
Lucenec
Lučenec
Lucina
Lúčina
Lucivna
Lučivná
Lucka
Lúčka
Luckovce
Lučkovce
Lucky
Lúčky
Lucky - kupele
Lúčky - kúpele
Lucnica nad Zitavou
Lúčnica nad Žitavou
Ludanice
Ludovitov
Ľudovítov
Ludovitova
Ľudovítová
Ludrova
Ludrová
Ludvikov dvor
Ľudvikov dvor
Luhyna
Luhyňa
Luka
Lúka
Lukacovce
Lukačovce
Lukavica
Lukov
Lukove
Lukové
Lukovistia
Lukovištia
Luky
Lúky
Lula
Lunik IX
Luník IX
Lupoc
Lupoč
Luskovica
Lutila
Lutina
Ľutina
Lutise
Lutiše
Lutov
Ľutov
Luzany
Lužany
Luzany pri Topli
Lužany pri Topli
Luzianky
Lužianky
Lysa nad Dunajcom
Lysá nad Dunajcom
Lysa pod Makytou
Lysá pod Makytou
Lysica
Machalovce
Machulince
Maconas
Mačonáš
Macov
Mačov
Mad
Madacka
Madačka
Maderet
Madérét
Madocany
Madočany
Madunice
Madzin
Madzín
Magnezitovce
Magurka
Majcichov
Majdan
Majer
Majere
Majericky
Majeríčky
Majerka
Majerovce
Makov
Makovce
Mala Bara
Malá Bara
Mala Baracka
Malá Baračka
Mala Budafa
Malá Budafa
Mala Bytca
Malá Bytča
Mala Calomija
Malá Čalomija
Mala Causa
Malá Čausa
Mala Cierna
Malá Čierna
Mala Dolina
Malá Dolina
Mala Domasa
Malá Domaša
Mala Frankova
Malá Franková
Mala Hradna
Malá Hradná
Mala Ida
Malá Ida
Mala Iza
Malá Iža
Mala Lehota
Malá Lehota
Mala Lodina
Malá Lodina
Mala Luc
Malá Lúč
Mala Maca
Malá Mača
Mala Mana
Malá Maňa
Mala Muzla
Malá Mužla
Mala nad Hronom
Malá nad Hronom
Mala Paka
Malá Paka
Mala Polana
Malá Poľana
Mala Trna
Malá Tŕňa
Mala Ves
Malá Ves
Mala Vieska
Malá Vieska
Malachov
Malacky
Malas
Málaš
Malatina
Malatiná
Malatiny
Malatíny
Malcice
Malčice
Malcov
Male Bedzany
Malé Bedzany
Male Bielice
Malé Bielice
Male Bierovce
Malé Bierovce
Male Blahovo
Malé Blahovo
Male Borove
Malé Borové
Male Chlievany
Malé Chlievany
Male Chyndice
Malé Chyndice
Male Dvorany
Malé Dvorany
Male Dvorniky
Malé Dvorníky
Male Hoste
Malé Hoste
Male Kosec.Podhradie
Malé Košec.Podhradie
Male Kosecke Podhradie
Malé Košecké Podhradie
Male Kosihy
Malé Kosihy
Male Kozmalovce
Malé Kozmálovce
Male Krskany
Malé Krškany
Male Krstenany
Malé Kršteňany
Male Lednice
Malé Lednice
Male Levare
Malé Leváre
Male Ludince
Malé Ludince
Male Orviste
Malé Orvište
Male Ostratice
Malé Ostratice
Male Ozorovce
Malé Ozorovce
Male Raskovce
Malé Raškovce
Male Ripnany
Malé Ripňany
Male Stankovce
Malé Stankovce
Male Straciny
Malé Straciny
Male Teriakovce
Malé Teriakovce
Male Trakany
Malé Trakany
Male Uherce
Malé Uherce
Male Vozokany
Malé Vozokany
Male Zaluzice
Malé Zalužice
Male Zaluzie
Malé Zálužie
Male Zlievce
Malé Zlievce
Malinec
Málinec
Malino Brdo
Malinô Brdo
Malinova
Malinová
Malinovec
Malinovo
Maluzina
Malužiná
Maly Bab
Malý Báb
Maly Biel
Malý Biel
Maly Bysterec
Malý Bysterec
Maly Cepcin
Malý Čepčín
Maly Cetin
Malý Cetín
Maly Hores
Malý Horeš
Maly Jatov
Malý Jatov
Maly Kamenec
Malý Kamenec
Maly Kiar
Malý Kiar
Maly Kolacin
Malý Kolačín
Maly Krtis
Malý Krtíš
Maly Lapas
Malý Lapáš
Maly Leg
Malý Lég
Maly Lipnik
Malý Lipník
Maly Madaras
Malý Madaras
Maly Ostrov
Malý Ostrov
Maly Pesek
Malý Pesek
Maly Ruskov
Malý Ruskov
Maly Saris
Malý Šariš
Maly Slavkov
Malý Slavkov
Maly Slivnik
Malý Slivník
Malzenice
Malženice
Mana
Maňa
Mangutovo
Mangútovo
Mankovce
Marcek
Marček
Marcelova
Marcelová
Margecany
Marhan
Marhaň
Marianka
Markovce
Markuska
Markuška
Markusovce
Markušovce
Marsova
Maršová
Martin
Martin nad Zitavou
Martin nad Žitavou
Martincek
Martinček
Martinova
Martinová
Martovce
Marusova
Marušová
Masa
Maša
Maskova
Mašková
Maskovce
Maškovce
Maslovce
Masnikovo
Masníkovo
Mastinec
Maštinec
Matejovce
Matejovec
Matiaska
Matiaška
Matiasovce
Matiašovce
Matovce
Matovske Vojkovce
Maťovské Vojkovce
Matusikova
Matušíková
Matuskovo
Matúškovo
Matysova
Matysová
Mazornikovo
Mazorníkovo
Mecedelovce
Mečedelovce
Mechenice
Medne
Medné
Medov
Meďov
Medovarce
Medvecke
Medvecké
Medvedie
Medvedov
Medveďov
Medvedovo
Medveďovo
Medvedzie
Medzany
Medzev
Medzianky
Medzibrod
Medzibrodie
Medzibrodie n/Oravou
Medzibrodie nad Oravou
Medzihradne
Medzihradné
Medzilaborce
Melcice
Melčice
Melek
Meliata
Mengusovce
Merasice
Merašice
Mernik
Merník
Merovce
Mestecko
Mestečko
Mestisko
Micakovce
Mičakovce
Michajlov
Michal na Ostrove
Michal nad Zitavou
Michal nad Žitavou
Michalany
Michaľany
Michalkova
Michalková
Michalok
Michalova
Michalová
Michalovce
Mierovo
Miezgovce
Mihalov
Miháľov
Miklusovce
Miklušovce
Mikolcany
Mikolčany
Mikova
Miková
Miksova
Mikšová
Mikula
Mikulasov
Mikulášov
Mikulasov Sad
Mikulášov Sad
Mikulasova
Mikulášová
Mikusovce
Mikušovce
Milhost
Milhosť
Milhostov
Milinovice
Milochov
Miloslavov
Milosova
Milošová
Milovana
Milovaná
Milpos
Milpoš
Minovce
Miňovce
Mirkovce
Mirola
Miroľa
Miskech Dedinka
Miškech Dedinka
Mladzovo
Mládzovo
Mlaky
Mláky
Mliecany
Mliečany
Mliecno
Mliečno
Mlynany
Mlyňany
Mlynarce
Mlynárce
Mlynarovce
Mlynárovce
Mlynceky
Mlynčeky
Mlynica
Mlynky
Mlynsky Sek
Mlynský Sek
Mnichova Lehota
Mníchova Lehota
Mnisany
Mníšany
Mnisek nad Hnilcom
Mníšek nad Hnilcom
Mnisek nad Popradom
Mníšek nad Popradom
Moca
Moča
Mocarany
Močarany
Mocarmany
Močarmany
Mocenok
Močenok
Mochovce
Mociar
Močiar
Mociare
Močiare
Mocidla
Močidlá
Mocidlany
Močidľany
Modlatin
Modlatín
Modra
Modra nad Cirochou
Modranka
Modrany
Modrova
Modrová
Modrovka
Modry Kamen
Modrý Kameň
Mojin
Mojín
Mojmirovce
Mojmírovce
Mojs
Mojš
Mojsova Lucka
Mojšová Lúčka
Mojtin
Mojtín
Mojzesovo
Mokra Luka
Mokrá Lúka
Mokrad
Mokraď
Mokrance
Mokroluh
Mokry Haj
Mokrý Háj
Molca
Môlča
Moldava nad Bodvou
Moravany
Moravany nad Vahom
Moravany nad Váhom
Moravske Kracany
Moravské Kračany
Moravske Lieskove
Moravské Lieskové
Moravsky Svaty Jan
Moravský Svätý Ján
Morovno
Moskovec
Moškovec
Mosovce
Mošovce
Most pri Bratislave
Mostenica
Moštenica
Mostiste
Mostište
Mostova
Mostová
Mosurov
Mošurov
Motesice
Motešice
Motova
Môťová
Motycky
Motyčky
Mrazovce
Mrázovce
Mrzacka
Mrzáčka
Mucin
Mučín
Mudronovo
Mudroňovo
Mudrovce
Mula
Muľa
Mulka
Muľka
Muran
Muráň
Muranska Dlha Luka
Muránska Dlhá Lúka
Muranska Huta
Muránska Huta
Muranska Lehota
Muránska Lehota
Muranska Zdychava
Muránska Zdychava
Mutnanska Pila
Mútňanská Píla
Mutne
Mútne
Muzla
Mužla
Myjava
Myslava
Myslenice
Myslina
Mytna
Mýtna
Mytna Nova Ves
Mýtna Nová Ves
Mytne Ludany
Mýtne Ludany
Myto pod Dumbierom
Mýto pod Ďumbierom
N.Vieska pri Bodrogu
Nacina Ves
Nad Jazerom
Nadabula
Nadlice
Nagov
Ňagov
Nahac
Naháč
Nalepkovo
Nálepkovo
Namestovo
Námestovo
Nana
Nána
Nandraz
Nandraž
Narad
Ňárad
Navojovce
Návojovce
Nebojsa
Nechvalova Polianka
Nechválova Polianka
Necpaly
Necpaly-Prievid. III
Nedanovce
Nedasovce
Nedašovce
Neded
Nededza
Nedeliste
Nedelište
Nedozery
Nedožery
Nedozery - Brezany
Nedožery - Brezany
Nekyje na Ostrove
Nemce
Nemcice
Nemčice
Nemcinany
Nemčiňany
Nemcovce
Nemecka
Nemecká
Nemecky
Nemečky
Nemesany
Nemešany
Nemsova
Nemšová
Nenince
Neporadza
Neresnica
Neslusa
Nesluša
Nesvady
Neverice
Nevidzany
Nevolne
Nevoľné
Nezbudska Lucka
Nezbudská Lúčka
Nierese
Niereše
Nimnica
Nitra
Nitra - Stare Mesto
Nitra - Staré Mesto
Nitra nad Iplom
Nitra nad Ipľom
Nitrian.Hrnciarovce
Nitrian.Hrnčiarovce
Nitrianska Blatnica
Nitrianska Streda
Nitrianske Hrnciarovce
Nitrianske Hrnčiarovce
Nitrianske Pravno
Nitrianske Rudno
Nitrianske Sucany
Nitrianske Sučany
Nitriansky Hradok
Nitriansky Hrádok
Nitrica
Nixbrod
Nizna
Nižná
Nizna Boca
Nižná Boca
Nizna Hutka
Nižná Hutka
Nizna Jablonka
Nižná Jablonka
Nizna Jedlova
Nižná Jedľová
Nizna Kalosa
Nižná Kaloša
Nizna Kamenica
Nižná Kamenica
Nizna Korna
Nižná Korňa
Nizna Mysla
Nižná Myšľa
Nizna Olsava
Nižná Olšava
Nizna Pisana
Nižná Pisaná
Nizna Pokoradz
Nižná Pokoradz
Nizna Polianka
Nižná Polianka
Nizna Revuca
Nižná Revúca
Nizna Rybnica
Nižná Rybnica
Nizna Sebastova
Nižná Šebastová
Nizna Sitnica
Nižná Sitnica
Nizna Slana
Nižná Slaná
Nizna Sunava
Nižná Šuňava
Nizna Vladica
Nižná Vladiča
Nizna Vola
Nižná Voľa
Nizne Kamence
Nižné Kamence
Nizne Ladickovce
Nižné Ladičkovce
Nizne Matiasovce
Nižné Matiašovce
Nizne Nemecke
Nižné Nemecké
Nizne Raslavice
Nižné Raslavice
Nizne Repase
Nižné Repaše
Nizne Ruzbachy
Nižné Ružbachy
Nizne Valice
Nižné Valice
Niznoslanska Bana
Nižnoslanská Baňa
Nizny Caj
Nižný Čaj
Nizny Hrabovec
Nižný Hrabovec
Nizny Hrusov
Nižný Hrušov
Nizny Kelcov
Nižný Kelčov
Nizny Klatov
Nižný Klátov
Nizny Komarnik
Nižný Komárnik
Nizny Krucov
Nižný Kručov
Nizny Lanec
Nižný Lánec
Nizny Medzev
Nižný Medzev
Nizny Mirosov
Nižný Mirošov
Nizny Orlik
Nižný Orlík
Nizny Skalnik
Nižný Skálnik
Nizny Slavkov
Nižný Slavkov
Nizny Sliac
Nižný Sliač
Nizny Tvarozec
Nižný Tvarožec
Nizny Zipov
Nižný Žipov
Nolcovo
Nolčovo
Norovce
Nosice
Nova Bana
Nová Baňa
Nova Basta
Nová Bašta
Nova Bosaca
Nová Bošáca
Nova Bystrica
Nová Bystrica
Nova Dedina
Nová Dedina
Nova Dedinka
Nová Dedinka
Nova Dubnica
Nová Dubnica
Nova Kelca
Nová Kelča
Nova Lehota
Nová Lehota
Nova Lesna
Nová Lesná
Nova Lipnica
Nová Lipnica
Nova Lubovna
Nová Ľubovňa
Nova Masa
Nová Maša
Nova Osada
Nová Osada
Nova Polhora
Nová Polhora
Nova Polianka
Nová Polianka
Nova Sedlica
Nová Sedlica
Nova Straz
Nová Stráž
Nova Trstena
Nová Trstená
Nova Ves
Nová Ves
Nova Ves nad Vahom
Nová Ves nad Váhom
Nova Ves nad Zitavou
Nová Ves nad Žitavou
Nova Ves pri Dunaji
Nová Ves pri Dunaji
Nova Vieska
Nová Vieska
Nova Vieska pri Bodrogu
Nová Vieska pri Bodrogu
Novacany
Nováčany
Novaky
Nováky
Nove Hony
Nové Hony
Nove Kosariska
Nové Košariská
Nove Mesto
Nové Mesto
Nove Mesto nad Vahom
Nové Mesto nad Váhom
Nove Osady
Nové Osady
Nove Sady
Nové Sady
Nove Zamky
Nové Zámky
Novosad
Novot
Novoť
Novotsky Dulov
Novotský Duľov
Novoveska Huta
Novoveská Huta
Novy Diel
Nový Diel
Novy Dvor
Nový Dvor
Novy Gug
Nový Gúg
Novy Majer
Nový Majer
Novy Ruskov
Nový Ruskov
Novy Sad
Nový Sad
Novy Salas
Nový Salaš
Novy Smokovec
Nový Smokovec
Novy Svet
Nový Svet
Novy Tekov
Nový Tekov
Novy Zivot
Nový Život
Nozdrovice
Nyrovce
Nýrovce
Obeckov
Obid
Obisovce
Obišovce
Oblazov
Oborin
Oborín
Obrucna
Obručná
Obrucne
Obručné
Obsolovce
Obyce
Ochodnica
Ochtina
Ochtiná
Ockov
Očkov
Ocova
Očová
Odorin
Odorín
Ohrady
Ohradzany
Okanikovo
Okánikovo
Okoc
Okoč
Okolicna na Ostrove
Okoličná na Ostrove
Okolicne
Okoličné
Okruhle
Okrúhle
Okruzna
Okružná
Olcnava
Oldza
Oľdza
Olejnikov
Olejníkov
Olesna
Olešná
Olichov
Olka
Oľka
Olovary
Olováry
Olsavce
Oľšavce
Olsavica
Oľšavica
Olsavka
Oľšavka
Olsina
Olšina
Olsinkov
Oľšinkov
Olsov
Oľšov
Olsovany
Olšovany
Omastina
Omastiná
Omsenie
Omšenie
Onca
Onča
Ondavka
Ondavske Matiasovce
Ondavské Matiašovce
Ondrasova
Ondrašová
Ondrasovce
Ondrašovce
Ondrej
Ondrej nad Hronom
Ondrejovce
Ondrochov
Opatka
Opátka
Opatova
Opatová
Opatovce
Opatovce - Vycapy
Opatovce - Výčapy
Opatovce nad Nitrou
Opatove Moravce
Opatové Moravce
Opatovska Nova Ves
Opatovská Nová Ves
Opatovsky Sokolec
Opatovský Sokolec
Opava
Opina
Opiná
Opoj
Oponice
Oravce
Oravka
Orávka
Oravska Jasenica
Oravská Jasenica
Oravska Lesna
Oravská Lesná
Oravska Polhora
Oravská Polhora
Oravska Poruba
Oravská Poruba
Oravske Vesele
Oravské Veselé
Oravsky Biely Potok
Oravský Biely Potok
Oravsky Podzamok
Oravský Podzámok
Ordzovany
Orechova
Orechová
Orechova Poton
Orechová Potôň
Orechova Poton - Luky
Orechová Potôň - Lúky
Orechova Poton-Luky
Orechová Potôň-Lúky
Orechove
Orechové
Oresany
Orešany
Oreske
Oreské
Orkucany
Orlov
Orlove
Orlové
Orovnica
Ortase
Ortáše
Ortov
Ortutova
Ortuťová
Osadka
Osádka
Osadne
Osadné
Oscadnica
Oščadnica
Osikov
Oskerda
Oškerda
Oslany
Osrblie
Ostra Luka
Ostrá Lúka
Ostrany
Ostratice
Ostrov
Ostrovany
Ostry Grun
Ostrý Grúň
Osturna
Osturňa
Osusie
Osušie
Osuske
Osuské
Otrhanky
Otrhánky
Otrocok
Otročok
Ovciarsko
Ovčiarsko
Ovcie
Ovčie
Ozdany
Ožďany
Ozdin
Ozdín
Pac
Pác
Paca
Pača
Pacerok
Pačérok
Padan
Padáň
Padarovce
Paderovce
Paganov
Pagaňov
Pakostov
Palarikovo
Palárikovo
Palcmanska Masa
Palcmanská Maša
Palin
Palín
Palota
Palovce
Paľovce
Paludzka
Palúdzka
Pana
Paňa
Panicke Dravce
Panické Dravce
Panovce
Paňovce
Papca
Papča
Papin
Papín
Paprad
Papradno
Parchovany
Parihuzovce
Parnica
Párnica
Parovske Haje
Párovské Háje
Partizanska Lupca
Partizánska Ľupča
Partizanske
Partizánske
Partizanske - Sipok
Partizánske - Šípok
Paseky
Pasiecka
Pasiečka
Paskova
Pašková
Pastina Zavada
Paština Závada
Pastovce
Pastovnik
Pastovník
Pastuchov
Pata
Patas
Pataš
Patince
Pavcina Lehota
Pavčina Lehota
Pavel
Pavlany
Pavľany
Pavlice
Pavlova
Pavlová
Pavlova Ves
Pavlovce
Pavlovce nad Uhom
Pavlovo
Pazit
Pažiť
Pazite
Pažite
Pcoline
Pčoliné
Pecenady
Pečeňady
Pecenany
Pečeňany
Pecenice
Pečenice
Pecovska Nova Ves
Pečovská Nová Ves
Peder
Peklina
Peres
Pereš
Perin
Perín
Perin - Chym
Perín - Chym
Perkovce
Pernek
Petkovce
Petov
Peťov
Petovka
Peťovka
Petrikovce
Petrova
Petrová
Petrova Lehota
Petrova Ves
Petrovany
Petrovce
Petrovce n/Laborcom
Petrovce nad Laborcom
Petrovec
Petrovice
Petrovo
Petrzalka
Petržalka
Pezerna
Pežerňa
Pezinok
Pichne
Piesky
Piesok
Piest I
Piešť I
Piest I (cast)
Piešť I (časť)
Piest II
Piešť II
Piestany
Piešťany
Pikovce
Pila
Píla
Pilhov
Pilhovcik
Pilhovčík
Pily - Prievidza II
Píly - Prievidza II
Pincina
Pinciná
Pinkovce
Pinkove Kracany
Pinkove Kračany
Piskorovce
Pitelova
Pitelová
Plane
Pláne
Plastovce
Plášťovce
Plave Vozokany
Plavé Vozokany
Plavec
Plaveč
Plavecke Podhradie
Plavecké Podhradie
Plavecky Mikulas
Plavecký Mikuláš
Plavecky Peter
Plavecký Peter
Plavecky Stvrtok
Plavecký Štvrtok
Plavnica
Plechotice
Ples
Pleš
Plesiva
Plešivá
Plesivec
Plešivec
Plevnik - Drienove
Plevník - Drienové
Pliesovce
Pliešovce
Ploske
Ploské
Plostin
Ploštín
Pobedim
Pobisovo
Pôbišovo
Pocarova
Počarová
Pochabany
Pocuvadl.Jazero
Počúvadl.Jazero
Pocuvadlianske Jazero
Počúvadlianske Jazero
Pocuvadlo
Počúvadlo
Pod Braniskom
Podafa
Pódafa
Podbanske
Podbanské
Podbiel
Podbranc
Podbranč
Podbrezova
Podbrezová
Podcicva
Podčičva
Podhaj
Podháj
Podhajska
Podhájska
Podholie
Podhorany
Podhorie
Podhorod
Podhoroď
Podhrabina
Podhradie
Podhradik
Podhradík
Podjavorie
Podjavorie (pri Lesti)
Podjavorie (pri Lešti)
Podjavornik
Podjavorník
Podkonice
Podkrivan
Podkriváň
Podkylava
Podlavice
Podlipniky
Podlipníky
Podluzany
Podlužany
Podmanin
Podmanín
Podolie
Podolinec
Podolínec
Podpilie
Podpílie
Podproc
Podproč
Podrecany
Podrečany
Podsadek
Podskalie
Podspady
Podspády
Podturen
Podtureň
Podunajske Biskupice
Podunajské Biskupice
Podvazie
Podvažie
Podvrch
Podvysoka
Podvysoká
Podzamcok
Podzámčok
Podzamok
Podzámok
Podzavoz
Podzávoz
Pohorela
Pohorelá
Pohorelska Masa
Pohorelská Maša
Pohranice
Pohronska Polhora
Pohronská Polhora
Pohronsky Bukovec
Pohronský Bukovec
Pohronsky Ruskov
Pohronský Ruskov
Pokryvac
Pokryváč
Polanovce
Poľanovce
Polany
Poľany
Polerieka
Poliakovce
Polianka
Polianky
Polichno
Polina
Polkanova (c.d.1,2,3
Polkanová (č.d.1,2,3
Polkanova (c.d.1,2,3)
Polkanová (č.d.1,2,3)
Polkanova (ostat.c.)
Polkanová (ostat.č.)
Polkanova (ostatne cisla)
Polkanová (ostatné čísla)
Polniky
Polníky
Polny Kesov
Poľný Kesov
Polom
Poloma
Polomka
Polomy
Polov
Poľov
Poltar
Poltár
Poluvsie
Pondelok
Pongracovce
Pongrácovce
Ponicka Huta
Ponická Huta
Ponicka Lehotka
Ponická Lehôtka
Poniky
Poprad
Poproc
Poproč
Popudinske Mocidlany
Popudinské Močidľany
Porac
Poráč
Poriadie
Porostov
Poruba
Poruba p/Vihorlatom
Poruba pod Vihorlatom
Porubka
Porúbka
Posa
Poša
Posadka
Posádka
Posfa
Póšfa
Potocky
Potôčky
Potocok
Potočok
Potok
Potoky
Potonske Luky
Potônske Lúky
Potor
Pôtor
Potvorice
Povazany
Považany
Povazska Bystrica
Považská Bystrica
Povazska Tepla
Považská Teplá
Povazske Podhradie
Považské Podhradie
Povazsky Chlmec
Považský Chlmec
Povina
Povoda
Povraznik
Povrazník
Pozba
Pozdisovce
Pozdišovce
Praha
Prakovce
Prasice
Prašice
Prasnik
Prašník
Pravenec
Pravica
Pravotice
Praznov
Praznovce
Práznovce
Precin
Prečín
Predajna
Predajná
Predjastrabie
Predmier
Predna Hora
Predná Hora
Predne Halny
Predné Halny
Prejta
Prencov
Prenčov
Preselany
Preseľany
Preselany nad Iplom
Preseľany nad Ipľom
Presov
Prešov
Prestavlky
Pribelce
Príbelce
Pribenik
Pribeník
Pribeta
Pribis
Pribiš
Pribisska
Pribišská
Priboj
Príboj
Pribovce
Príbovce
Pribylina
Priechod
Priekopa
Prieloh
Priepasne
Priepasné
Prietrz
Prietrž
Prietrzka
Prietržka
Prievaly
Prievidza
Prievidza - Kopanice
Prievidza - Necpaly
Prievidza - Pily
Prievidza - Píly
Prievidza - Stare Mesto
Prievidza - Staré Mesto
Prievidza - Stvrte
Prievidza - Štvrte
Prievrana
Prihradzany
Prikra
Príkra
Prilepy
Prílepy
Primovce
Prislop
Príslop
Pritulany
Prituľany
Proc
Proč
Prochot
Prosacov
Prosačov
Prosiek
Prosne
Prosné
Prostredna Molca
Prostredná Môlča
Prostredny Hamor
Prostredný Hámor
Prsa
Prša
Pruske
Pruské
Prusy
Pruzina
Pružina
Psiare
Pstrina
Pstriná
Pstrusa
Pstruša
Psurnovice
Pšurnovice
Pticie
Ptičie
Ptruksa
Ptrukša
Puchov
Púchov
Pucov
Pukanec
Pusovce
Pušovce
Pusta Ves
Pustá Ves
Puste
Pusté
Puste Cemerne
Pusté Čemerné
Puste Pole
Pusté Pole
Puste Sady
Pusté Sady
Puste Ulany
Pusté Úľany
Pusty Chotar
Pustý Chotár
Rabca
Rabča
Rabcice
Rabčice
Raca
Rača
Racice
Račice
Rad
Radatice
Radava
Radimov
Radisa
Radiša
Radnovce
Radobica
Radola
Radoľa
Radoma
Radosina
Radošina
Radosovce
Radošovce
Radostka
Radôstka
Radvan
Radvaň
Radvan nad Dunajom
Radvaň nad Dunajom
Radvan nad Laborcom
Radvaň nad Laborcom
Radvanovce
Radzovce
Rafajovce
Rajcany
Rajčany
Rajec
Rajecka Lesna
Rajecká Lesná
Rajecke Teplice
Rajecké Teplice
Rakoluby
Rakoľuby
Rakos
Rákoš
Rakosska Bana
Rákošská Baňa
Rakova
Raková
Rakovcik
Rakovčík
Rakovec
Rakovec nad Ondavou
Rakovice
Rakovnica
Rakovo
Raksa
Rakša
Rakusy
Rakúsy
Rakytnik
Rakytník
Rakytovce
Rankovce
Rapovce
Rasice
Rašice
Raslavice
Rasochov
Rasov
Rašov
Rastice
Rastislavice
Ratka
Ratkova
Ratková
Ratkovce
Ratkovo
Ratkovska Lehota
Ratkovská Lehota
Ratkovska Sucha
Ratkovská Suchá
Ratkovska Zdychava
Ratkovská Zdychava
Ratkovske Bystre
Ratkovské Bystré
Ratnovce
Ratvaj
Raznany
Ražňany
Raztocno
Ráztočno
Raztoka
Ráztoka
Raztoky
Ráztoky
Reca
Regetovka
Rejdova
Rejdová
Relov
Reľov
Remata
Remeniny
Remetske Hamre
Remetské Hámre
Rencisov
Renčišov
Repakovci
Repákovci
Repejov
Repiste
Repište
Repistia
Repištia
Resica
Rešica
Resov
Rešov
Revisne
Revišné
Revistske Podzamcie
Revištské Podzámčie
Revuca
Revúca
Revucka
Revúčka
Revucka Lehota
Revúcka Lehota
Richnava
Richvald
Ridzina
Riecka
Riečka
Riecky
Riečky
Riecnica
Riečnica
Rieka
Rimavska Bana
Rimavská Baňa
Rimavska Pila
Rimavská Píla
Rimavska Sec
Rimavská Seč
Rimavska Sobota
Rimavská Sobota
Rimavske Brezovo
Rimavské Brezovo
Rimavske Janovce
Rimavské Janovce
Rimavske Zaluzany
Rimavské Zalužany
Risnovce
Rišňovce
Rochovce
Rohov
Rohovce
Rohoznica
Rohožnica
Rohoznik
Rohožník
Rojkov
Rokycany
Rokytov
Rokytov pri Humennom
Rokytovce
Rosina
Roskovce
Roškovce
Rostar
Roštár
Rovensko
Rovinka
Rovnany
Rovňany
Rovne
Rovné
Rozbehy
Rozhanovce
Rozina
Rozkovany
Rožkovany
Rozlozna
Rozložná
Roznava
Rožňava
Roznavska Bana
Rožňavská Baňa
Roznavske Bystre
Rožňavské Bystré
Roznova Neporadza
Rožňová Neporadza
Roznove Mitice
Rožňové Mitice
Roztoky
Rozvadze
Ruban
Rúbaň
Rudica
Rudina
Rudinka
Rudinska
Rudinská
Rudlov
Rudlova
Rudlová
Rudna
Rudná
Rudnany
Rudňany
Rudnianska Lehota
Rudnik
Rudník
Rudno
Rudno nad Hronom
Rumanova
Rumanová
Rumince
Runina
Ruska
Ruská
Ruska Bystra
Ruská Bystrá
Ruska Kajna
Ruská Kajňa
Ruska Nova Ves
Ruská Nová Ves
Ruska Poruba
Ruská Poruba
Ruska Vola
Ruská Voľa
Ruska Vola n/Popr.
Ruská Voľa n/Popr.
Ruska Vola nad Popradom
Ruská Voľa nad Popradom
Ruska Volova
Ruská Volová
Ruske Peklany
Ruské Pekľany
Ruskov
Ruskovce
Rusky Hrabovec
Ruský Hrabovec
Rusky Potok
Ruský Potok
Rusovce
Ruzbachy - kupele
Ružbachy - kúpele
Ruzina
Ružiná
Ruzindol
Ružindol
Ruzinov
Ružinov
Ruzomberok
Ružomberok
Ruzova dolina
Ružová dolina
Ruzova Osada
Ružová Osada
Rybany
Rybare
Rybáre
Rybarie
Rybárie
Rybarpole
Rybárpole
Rybky
Rybnik
Rybník
Rybniky
Rybníky
Rychnava
Rychňava
Rykyncice
Rykynčice
Sabinov
Sabova
Sabová
Saca
Šaca
Sacurov
Sačurov
Sadocne
Sádočné
Sadok
Sádok
Sady nad Torysou
Sahy
Šahy
Sajby
Šajby
Sajdikove Humence
Šajdíkove Humence
Sala
Šaľa
Salajka
Salgocka
Šalgočka
Salgovce
Šalgovce
Salgovik
Šalgovík
Salka
Salkova
Šalková
Salov
Šalov
Salvator
Salvátor
Samaja
Šamaja
Sambron
Šambron
Samorin
Šamorín
Sampor
Samudovce
Šamudovce
Sance
Šance
Sandal
Šandal
Sandorhalma
Šándorhalma
Sankovce
Šankovce
Santovka
Sap
Sapinec
Šapinec
Sara
Šára
Sarbov
Šarbov
Sarisska Poruba
Šarišská Poruba
Sarisska Trstena
Šarišská Trstená
Sarisske Bohdanovce
Šarišské Bohdanovce
Sarisske Cierne
Šarišské Čierne
Sarisske Dravce
Šarišské Dravce
Sarisske Jastrabie
Šarišské Jastrabie
Sarisske Luky
Šarišské Lúky
Sarisske Luzianky
Šarišské Lužianky
Sarisske Michalany
Šarišské Michaľany
Sarisske Sokolovce
Šarišské Sokolovce
Sarissky Stiavnik
Šarišský Štiavnik
Sarkan
Šarkan
Sarovce
Šarovce
Sasa
Sása
Sasinkovo
Sasova
Sásová
Šašová
Sasovske Podhradie
Šášovské Podhradie
Sastin
Šaštín
Sastin - Straze
Šaštín - Stráže
Savcina
Savčina
Savol
Šávoľ
Sazdice
Sebastovce
Šebastovce
Sebechleby
Sebedin
Sebedín
Sebedin - Becov
Sebedín - Bečov
Sebedrazie
Sebedražie
Sebestanova
Šebešťanová
Sec
Seč
Secianky
Sečianky
Secovce
Sečovce
Secovska Polianka
Sečovská Polianka
Sedliacka Dubova
Sedliacka Dubová
Sedlice
Sedlicna
Sedličná
Sedliska
Sedliská
Sedmerovec
Sejkov
Sekule
Selany
Seľany
Selce
Selec
Seleska
Seleška
Selestany
Selešťany
Selice
Selpice
Šelpice
Semerovo
Semetes
Semeteš
Semetkovce
Šemetkovce
Semsa
Šemša
Sena
Seňa
Senec
Seniakovce
Senica
Senkvice
Šenkvice
Senne
Senné
Senohrad
Sered
Sereď
Setechov
Sever
Severna
Severná
Siatorska Bukovinka
Šiatorská Bukovinka
Siba
Šiba
Sid
Šíd
Sidlisko KVP
Sídlisko KVP
Sidlisko Tahanovce
Sídlisko Ťahanovce
Sielnica
Sigord
Sihelne
Sihelné
Sihelnik
Sihelník
Sihla
Sikenica
Sikenicka
Sikenička
Sila
Siladice
Silica
Silicka Brezova
Silická Brezová
Silicka Jablonica
Silická Jablonica
Simonovce
Šimonovce
Sindliar
Šindliar
Sintava
Šintava
Sipice
Šipice
Sipkov
Šípkov
Sipkove
Šípkové
Siposovske Kracany
Šipošovské Kračany
Sirakov
Širákov
Sirk
Sirkovce
Širkovce
Sirnik
Sirník
Siroka
Široká
Siroke
Široké
Sisov
Šišov
Sitnianska
Sitnianska Lehotka
Sitnianska Lehôtka
Sitnik
Sitník
Sivetice
Šivetice
Skacany
Skačany
Skala
Skalica
Skalite
Skalité
Skalka nad Vahom
Skalka nad Váhom
Skalska Nova Ves
Skalská Nová Ves
Skaros
Skároš
Skeresovo
Skerešovo
Sklabina
Sklabiná
Sklabinsky Podzamok
Sklabinský Podzámok
Sklene
Sklené
Sklene Teplice
Sklené Teplice
Skliarovo
Skoruby
Škoruby
Skrabaka
Škrabáka
Skrabske
Skrabské
Skriavnik
Škriavnik
Skripov
Škrípov
Skubin
Skubín
Skycov
Skýcov
Sladkovicovo
Sládkovičovo
Slana Lehota
Slaná Lehota
Slancik
Slančík
Slanec
Slanicka Osada
Slanická Osada
Slanska Huta
Slanská Huta
Slanske Nove Mesto
Slanské Nové Mesto
Slaska
Slaská
Slatina
Slatina nad Bebravou
Slatinka
Slatinka n/Bebravou
Slatinka nad Bebravou
Slatinske Lazy
Slatinské Lazy
Slatvina
Slavec
Slavkovce
Slavnica
Slavoska
Slavoška
Slavosovce
Slavošovce
Slazany
Sľažany
Slepcany
Slepčany
Sliac
Sliač
Sliac - kupele
Sliač - kúpele
Sliacska Podpolana
Sliačska Podpoľana
Sliepkovce
Slivnik
Slivník
Slizke
Slizké
Slopkov
Slopna
Slopná
Slovany
Slovenska Kajna
Slovenská Kajňa
Slovenska Lupca
Slovenská Ľupča
Slovenska Nova Ves
Slovenská Nová Ves
Slovenska Ves
Slovenská Ves
Slovenska Volova
Slovenská Volová
Slovenske Darmoty
Slovenské Ďarmoty
Slovenske Klacany
Slovenské Kľačany
Slovenske Krive
Slovenské Krivé
Slovenske Nove Mesto
Slovenské Nové Mesto
Slovenske Pole
Slovenské Pole
Slovenske Pravno
Slovenské Pravno
Slovensky Grob
Slovenský Grob
Slovinky
Smigovec
Šmigovec
Smilno
Smizany
Smižany
Smolenice
Smolenicka Nova Ves
Smolenická Nová Ves
Smolinske
Smolinské
Smolnicka Huta
Smolnícka Huta
Smolnik
Smolník
Smrdaky
Smrdáky
Smrecany
Smrečany
Snakov
Sneznica
Snežnica
Snina
Snohy
Soblahov
Sobos
Soboš
Sobotiste
Sobotište
Sobotka
Sobôtka
Sobrance
Sobranecke Kupele
Sobranecké Kúpele
Socovce
Sokol
Sokoľ
Sokolany
Sokoľany
Sokolce
Sokolce - luky
Sokolce - lúky
Sokolniky
Sokolníky
Sokolovce
Sol
Soľ
Solcany
Solčany
Solcianky
Solčianky
Solivar
Solka
Solne
Soľné
Solnicka
Soľnička
Solnik
Soľník
Solosnica
Sološnica
Soltyska
Šoltýska
Somorova Ves
Somotor
Sopkovce
Sopora
Šopora
Soporna
Šoporňa
Sotina
Spacince
Špačince
Spania Dolina
Špania Dolina
Spanie Pole
Španie Pole
Spisska Bela
Spišská Belá
Spisska Nova Ves
Spišská Nová Ves
Spisska Sobota
Spišská Sobota
Spisska Stara Ves
Spišská Stará Ves
Spisska Teplica
Spišská Teplica
Spisske Bystre
Spišské Bystré
Spisske Hanusovce
Spišské Hanušovce
Spisske Podhradie
Spišské Podhradie
Spisske Tomasovce
Spišské Tomášovce
Spisske Vlachy
Spišské Vlachy
Spissky Hrhov
Spišský Hrhov
Spissky Hrusov
Spišský Hrušov
Spissky Stiavnik
Spišský Štiavnik
Spissky Stvrtok
Spišský Štvrtok
Srnacie
Srňacie
Srobarova
Šrobárová
Stakcin
Stakčín
Stakcinska Roztoka
Stakčínska Roztoka
Stale
Štále
Stanakova
Stanáková
Stanca
Stanča
Stankovany
Stankovce
Stara Basta
Stará Bašta
Stara Bystrica
Stará Bystrica
Stara Gala
Stará Gala
Stara Halic
Stará Halič
Stara Huta
Stará Huta
Stara Kremnicka
Stará Kremnička
Stara Lehota
Stará Lehota
Stara Lesna
Stará Lesná
Stara Lubovna
Stará Ľubovňa
Stara Myjava
Stará Myjava
Stara Tura
Stará Turá
Stara Voda
Stará Voda
Stare
Staré
Stare Hory
Staré Hory
Stare Mesto
Staré Mesto
Stare Mesto-Priev.
Staré Mesto-Priev.
Starina
Starna
Starňa
Stary Hradok
Starý Hrádok
Stary Smokovec
Starý Smokovec
Stary Tekov
Starý Tekov
Staskov
Staškov
Staskovce
Staškovce
Stebnicka Huta
Stebnícka Huta
Stebnik
Stebník
Stefan
Štefan
Stefanov
Štefanov
Stefanov nad Oravou
Štefanov nad Oravou
Stefanova
Štefanová
Stefanovce
Štefanovce
Stefanovicova
Štefanovičová
Stefanska Huta
Štefanská Huta
Stefultov
Štefultov
Stefurov
Štefurov
Sterusy
Šterusy
Stiavnicka
Štiavnička
Stiavnicke Bane
Štiavnické Bane
Stiavnik
Štiavnik
Stiefleje
Štiefleje
Stitare
Štitáre
Stitnik
Štítnik
Stola
Štôla
Stolecne
Stolečné
Stoliansko
Štoliansko
Stos
Štós
Stos - kupele
Štós - kúpele
Stosice
Stošice
Stotince
Stozok
Stožok
Stranany
Stráňany
Stranavy
Stráňavy
Strane pod Tatrami
Stráne pod Tatrami
Stranska
Stránska
Stranske
Stránske
Stratena
Stratená
Straza
Stráža
Straze nad Myjavou
Stráže nad Myjavou
Straze pod Tatrami
Stráže pod Tatrami
Strazky
Strážky
Strazne
Strážne
Strazov
Strážov
Strazske
Strážske
Strba
Štrba
Strbske Pleso
Štrbské Pleso
Strecno
Strečno
Streda nad Bodrogom
Stredna Revuca
Stredná Revúca
Stredne Plachtince
Stredné Plachtince
Stredne Turovce
Stredné Turovce
Stredny Sliac
Stredný Sliač
Strekov
Strelenka
Strelnice
Strelniky
Strelníky
Stretava
Stretavka
Strezenice
Streženice
Striezovce
Striežovce
Strihovce
Strkovec
Štrkovec
Strocin
Stročín
Stropkov
Stubne
Štubne
Studena
Studená
Studene
Studené
Studenec
Studienka
Studnicna
Studničná
Stulany
Stuľany
Stupava
Stupne
Stupné
Sturova
Štúrová
Sturovo
Štúrovo
Stvrte - Prievidza V
Štvrte - Prievidza V
Stvrtok
Štvrtok
Stvrtok na Ostrove
Štvrtok na Ostrove
Sucany
Sučany
Sucha
Suchá
Sucha Dolina
Suchá Dolina
Sucha Hora
Suchá Hora
Sucha nad Parnou
Suchá nad Parnou
Suchan
Sucháň
Suche
Suché
Suche Brezovo
Suché Brezovo
Suchohrad
Sudince
Sudovce
Súdovce
Suja
Šuja
Sukov
Sula
Šuľa
Sulany
Suľany
Šuľany
Sulekovo
Šulekovo
Sulin
Sulín
Sulov
Súľov
Sulovce
Súlovce
Sumiac
Šumiac
Sunava
Šuňava
Surany
Šurany
Surianky
Šurianky
Surice
Šurice
Surovce
Šúrovce
Sus
Súš
Susany
Sušany
Sutor
Sútor
Sutovce
Šutovce
Sutovo
Šútovo
Svabolka
Švábolka
Svabovce
Švábovce
Svarin
Svarín
Svata Maria
Svätá Mária
Svatoplukovo
Svätoplukovo
Svatus
Svätuš
Svatusa
Svätuša
Svatuse
Svätuše
Svaty Anton
Svätý Anton
Svaty Jur
Svätý Jur
Svaty Kriz
Svätý Kríž
Svaty Peter
Svätý Peter
Svedernik
Svederník
Svedlar
Švedlár
Sverepec
Sverzov
Sveržov
Svetla
Svetlá
Svetlice
Svidnicka
Svidnička
Svidnik
Svidník
Svinia
Svinica
Svinice
Svinna
Svinná
Svit
Svodin
Svodín
Svodov
Svosov
Švošov
Svrbice
Svrcinovec
Svrčinovec
Svrckov Jarok
Švrčkov Jarok
Sykavka
Tachty
Tahanovce
Ťahanovce
Tahyna
Ťahyňa
Tajna
Tajná
Tajov
Talka
Taľka
Tanecnik
Tanečník
Tapesovo
Ťapešovo
Tapkove
Ťapkové
Tarnov
Tasula
Tašuľa
Tatranska Javorina
Tatranská Javorina
Tatranska Kotlina
Tatranská Kotlina
Tatranska Lesna
Tatranská Lesná
Tatranska Lomnica
Tatranská Lomnica
Tatranska Polianka
Tatranská Polianka
Tatranska Strba
Tatranská Štrba
Tatranske Matliare
Tatranské Matliare
Tatranske Zruby
Tatranské Zruby
Tehla
Tekoldany
Tekolďany
Tekovska Breznica
Tekovská Breznica
Tekovska Nova Ves
Tekovská Nová Ves
Tekovske Luzany
Tekovské Lužany
Tekovske Nemce
Tekovské Nemce
Tekovsky Hradok
Tekovský Hrádok
Telgart
Telgárt
Telince
Temes
Temeš
Tepla
Teplá
Teplicany
Tepličany
Teplicka
Teplička
Teplicka nad Vahom
Teplička nad Váhom
Teplicky
Tepličky
Teply Vrch
Teplý Vrch
Terany
Terchova
Terchová
Teriakovce
Terna
Terňa
Tesare
Tesáre
Tesare nad Zitavou
Tesáre nad Žitavou
Tesarske Mlynany
Tesárske Mlyňany
Tesedikovo
Tešedíkovo
Tesmak
Tešmák
Tiba
Tibava
Ticha Voda
Tichá Voda
Tichy Potok
Tichý Potok
Timoradza
Tisinec
Tisovec
Tlmace
Tlmače
Tlsta Hora
Tlstá Hora
Toborete
Töböréte
Tocnica
Točnica
Tokajik
Tokajík
Tomasikovo
Tomášikovo
Tomasov
Tomášov
Tomasovce
Tomášovce
Tomcany
Tomčany
Ton
Tôň
Tonkovce
Topola
Topoľa
Topolany
Topoľany
Topolcany
Topoľčany
Topolcianky
Topoľčianky
Topolecka
Topolecká
Topolnica
Topoľnica
Topolniky
Topoľníky
Topolovka
Topoľovka
Toporec
Tornala
Tornaľa
Torysa
Torysky
Tovarne
Tovarné
Tovarnian.Polianka
Tovarnianska Polianka
Tovarniky
Tovarníky
Trakovice
Travnica
Trávnica
Travnik
Trávnik
Trebatice
Trebejov
Trebelovce
Trebeľovce
Trebichava
Trebisov
Trebišov
Trebostovo
Trebusovce
Trebušovce
Trenc
Trenč
Trenc.Bohuslavice
Trenč.Bohuslavice
Trenc.Jastrabie
Trenč.Jastrabie
Trenc.Stankovce
Trenč.Stankovce
Trencianska Tepla
Trenčianska Teplá
Trencianska Turna
Trenčianska Turná
Trencianska Zavada
Trenčianska Závada
Trencianske Bohuslavice
Trenčianske Bohuslavice
Trencianske Jastrabie
Trenčianske Jastrabie
Trencianske Mitice
Trenčianske Mitice
Trencianske Stankovce
Trenčianske Stankovce
Trencianske Teplice
Trenčianske Teplice
Trencin
Trenčín
Trhova Hradska
Trhová Hradská
Trhoviste
Trhovište
Trhyna
Trhyňa
Trnava
Trnava Hora
Trnavá Hora
Trnava pri Laborci
Trnavka
Trnávka
Trnie
Tŕnie
Trnkov
Trnove
Trnové
Trnovec
Trnovec nad Vahom
Trnovec nad Váhom
Trnovo
Trocany
Tročany
Trojacka
Trojačka
Trpin
Trpín
Trstany
Trsťany
Trstena
Trstená
Trstena na Ostrove
Trstená na Ostrove
Trstene
Trstené
Trstene pri Hornade
Trstené pri Hornáde
Trstice
Trstie
Tŕstie
Trstin
Trstín
Trubin
Trubín
Tuchyna
Tuchyňa
Tuhar
Tuhár
Tuhrina
Tulcik
Tulčík
Tunezice
Tunežice
Tupa
Tupá
Tura
Turá
Tura Luka
Turá Lúka
Turany
Turany nad Ondavou
Turc.Stiavnicka
Turč.Štiavnička
Turcek
Turček
Turcianky
Turčianky
Turcianska Stiavnicka
Turčianska Štiavnička
Turcianske Jaseno
Turčianske Jaseno
Turcianske Klacany
Turčianske Kľačany
Turcianske Teplice
Turčianske Teplice
Turciansky Dur
Turčiansky Ďur
Turciansky Michal
Turčiansky Michal
Turciansky Peter
Turčiansky Peter
Turcok
Turčok
Turcovce
Turecka
Turecká
Turen
Tureň
Turicky
Turíčky
Turie
Turik
Turík
Turkov
Turna nad Bodvou
Turňa nad Bodvou
Turnianska Nova Ves
Turnianska Nová Ves
Turova
Turová
Turzovka
Tusice
Tušice
Tusicka Nova Ves
Tušická Nová Ves
Tuzina
Tužina
Tvarozna
Tvarožná
Tvrdomestice
Tvrdosin
Tvrdošín
Tvrdosovce
Tvrdošovce
U Hluska
U Hluška
U Holych
U Holých
U Klukov
U Kľukov
U Kordisov
U Kordišov
U Polievkov
U Rulcov
U Sihelnika
U Siheľnika
Ubla
Ubľa
Ubrez
Úbrež
Udavske
Udavské
Uderina
Uderiná
Udica
Udiča
Udicka
Udička
Udol
Údol
Uhliska
Uhliská
Uhorna
Úhorná
Uhorska Ves
Uhorská Ves
Uhorske
Uhorské
Uhrovec
Uhrovske Podhradie
Uhrovské Podhradie
Ujazd
Újazd
Ulanka
Uľanka
Ulany nad Zitavou
Úľany nad Žitavou
Ulic
Ulič
Ulicske Krive
Uličské Krivé
Uloza
Uloža
Unatin
Uňatín
Unin
Unín
Upohlav
Upor
Úpor
Urmince
Ustie nad Priehradou
Ústie nad Priehradou
Usvit
Úsvit
Utekac
Utekáč
Uzovce
Uzovska Panica
Uzovská Panica
Uzovske Peklany
Uzovské Pekľany
Uzovsky Salgov
Uzovský Šalgov
Vadovce
Vaďovce
Vagrinec
Vahovce
Váhovce
Vajka nad Zitavou
Vajka nad Žitavou
Vajkovce
Vajnory
Vajskova
Vajsková
Valaliky
Valaska
Valaská
Valaska Bela
Valaská Belá
Valaska Dubova
Valaská Dubová
Valaskovce
Valaškovce
Valca
Valča
Valentova
Valentová
Valentovce
Valice
Valkovce
Valkovna
Vaľkovňa
Valkovo
Vaľkovo
Vaniskovce
Vaniškovce
Vanovka
Vaňovka
Vapenik
Vápeník
Varadka
Varechovce
Varhanovce
Varhaňovce
Varin
Varín
Varov Sur
Varov Šúr
Vasilov
Vasiľov
Vavrecka
Vavrečka
Vavrinec
Vavrisovo
Vavrišovo
Vazec
Važec
Vcelare
Včeláre
Vcelince
Včelince
Vcelinec
Včelinec
Vec
Véč
Vecelkov
Večelkov
Vechec
Vek
Vék
Velaty
Veľaty
Velcice
Velčice
Velicna
Veličná
Velka
Veľká
Velka Bara
Veľká Bara
Velka Budafa
Veľká Budafa
Velka Bytca
Veľká Bytča
Velka Calomija
Veľká Čalomija
Velka Causa
Veľká Čausa
Velka Cierna
Veľká Čierna
Velka Dolina
Veľká Dolina
Velka Frankova
Veľká Franková
Velka Guta
Veľká Gúta
Velka Hradna
Veľká Hradná
Velka Ida
Veľká Ida
Velka Lehota
Veľká Lehota
Velka Lesna
Veľká Lesná
Velka Lodina
Veľká Lodina
Velka Lomnica
Veľká Lomnica
Velka Luc
Veľká Lúč
Velka Luka
Veľká Lúka
Velka Maca
Veľká Mača
Velka Mana
Veľká Maňa
Velka nad Iplom
Veľká nad Ipľom
Velka Paka
Veľká Paka
Velka Sucha
Veľká Suchá
Velka Trna
Veľká Tŕňa
Velka Ves
Veľká Ves
Velka Ves nad Iplom
Veľká Ves nad Ipľom
Velke Bedzany
Veľké Bedzany
Velke Bielice
Veľké Bielice
Velke Bierovce
Veľké Bierovce
Velke Blahovo
Veľké Blahovo
Velke Borove
Veľké Borové
Velke Chlievany
Veľké Chlievany
Velke Chyndice
Veľké Chyndice
Velke Dalovce
Veľké Dálovce
Velke Dravce
Veľké Dravce
Velke Drzkovce
Veľké Držkovce
Velke Dvorany
Veľké Dvorany
Velke Dvorniky
Veľké Dvorníky
Velke Hoste
Veľké Hoste
Velke Kapusany
Veľké Kapušany
Velke Kosecke Podhra
Veľké Košecké Podhra
Velke Kosecke Podhradie
Veľké Košecké Podhradie
Velke Kosihy
Veľké Kosihy
Velke Kostolany
Veľké Kostoľany
Velke Kozmalovce
Veľké Kozmálovce
Velke Krskany
Veľké Krškany
Velke Krstenany
Veľké Kršteňany
Velke Levare
Veľké Leváre
Velke Lovce
Veľké Lovce
Velke Ludince
Veľké Ludince
Velke Orviste
Veľké Orvište
Velke Ostratice
Veľké Ostratice
Velke Ozorovce
Veľké Ozorovce
Velke Pole
Veľké Pole
Velke Raskovce
Veľké Raškovce
Velke Revistia
Veľké Revištia
Velke Ripnany
Veľké Ripňany
Velke Rovne
Veľké Rovné
Velke Slemence
Veľké Slemence
Velke Stankovce
Veľké Stankovce
Velke Straciny
Veľké Straciny
Velke Teriakovce
Veľké Teriakovce
Velke Trakany
Veľké Trakany
Velke Turovce
Veľké Turovce
Velke Uherce
Veľké Uherce
Velke Ulany
Veľké Úľany
Velke Vozokany
Veľké Vozokany
Velke Zaluzice
Veľké Zalužice
Velke Zaluzie
Veľké Zálužie
Velke Zlievce
Veľké Zlievce
Velkrop
Veľkrop
Velky Bab
Veľký Báb
Velky Biel
Veľký Biel
Velky Blh
Veľký Blh
Velky Bysterec
Veľký Bysterec
Velky Cepcin
Veľký Čepčín
Velky Cetin
Veľký Cetín
Velky Dur
Veľký Ďur
Velky Dvor
Veľký Dvor
Velky Folkmar
Veľký Folkmar
Velky Grob
Veľký Grob
Velky Harcas
Veľký Harčáš
Velky Hores
Veľký Horeš
Velky Kamenec
Veľký Kamenec
Velky Kliz
Veľký Klíž
Velky Kolacin
Veľký Kolačín
Velky Krtis
Veľký Krtíš
Velky Kyr
Veľký Kýr
Velky Lapas
Veľký Lapáš
Velky Leg
Veľký Lég
Velky Lel
Veľký Lél
Velky Lipnik
Veľký Lipník
Velky Lom
Veľký Lom
Velky Meder
Veľký Meder
Velky Ostrov
Veľký Ostrov
Velky Pesek
Veľký Pesek
Velky Ruskov
Veľký Ruskov
Velky Saris
Veľký Šariš
Velky Slavkov
Veľký Slavkov
Velky Slivnik
Veľký Slivník
Velopolie
Veľopolie
Velusovce
Velušovce
Vernar
Vernár
Vesela
Veselá
Vesele
Veselé
Veterna Poruba
Veterná Poruba
Vidina
Vidiná
Vidov Vrch
Vidova
Vidová
Vidovany
Vieska
Vieska - Bezdedov
Vieska nad Blhom
Vieska nad Zitavou
Vieska nad Žitavou
Viglas
Vígľaš
Viglasska Huta
Vígľašská Huta
Vikartovce
Vinica
Vinice
Vinicky
Viničky
Vinicne
Viničné
Vinne
Vinné
Vinodol
Vinohradok
Vinohrádok
Vinohrady nad Vahom
Vinohrady nad Váhom
Vinosady
Violin
Violín
Virt
Vislanka
Vislava
Visnov
Višňov
Visnove
Višňové
Visolaje
Vistuk
Vištuk
Vitalisovce
Vitálišovce
Vitanova
Vitanová
Vitaz
Víťaz
Vitazovce
Víťazovce
Vitkovce
Vítkovce
Vlaca
Vlača
Vlachovo
Vlachy
Vladica
Vladiča
Vlasky
Vlašky
Vlcany
Vlčany
Vlci Vrch
Vlčí Vrch
Vlckovany
Vlčkovany
Vlckovce
Vlčkovce
Vlckovo
Vlčkovo
Vlcovo
Vlčovo
Vlkanova
Vlkanová
Vlkanovo
Vlkas
Vlkolinec
Vlkolínec
Vlkov
Vlkova
Vlková
Vlkovce
Vlky
Vlkyna
Vlkyňa
Voderady
Vojany
Vojcice
Vojčice
Vojka
Vojka nad Dunajom
Vojkovce
Vojnany
Vojňany
Vojnatina
Vojtechovce
Vojtovce
Vojty
Vola
Voľa
Volica
Volkovce
Voznica
Vozokany
Vozokany nad Hronom
Vrable
Vráble
Vradiste
Vrádište
Vrakun
Vrakúň
Vrakuna
Vrakuňa
Vranie
Vranov
Vranov nad Toplou
Vranov nad Topľou
Vrbany
Vrbina
Vrbnica
Vrbov
Vrbova nad Vahom
Vrbová nad Váhom
Vrbovce
Vrbovce nad Rimavou
Vrbove
Vrbové
Vrbovec
Vŕbovec
Vrbovka
Vrchdobroc
Vrchdobroč
Vrchpredmier
Vrchrieka
Vrchslatina
Vrchtepla
Vrchteplá
Vricko
Vrícko
Vrsatske Podhradie
Vršatské Podhradie
Vrtizer
Vrtižer
Vrutky
Vrútky
Vsechsvatych
Všechsvätých
Vtackovce
Vtáčkovce
Vyborna
Výborná
Vybuchanec
Vybúchanec
Vycapky
Výčapky
Vycapy - Opatovce
Výčapy - Opatovce
Vychodna
Východná
Vychylovka
Vydran
Vydraň
Vydrany
Vydrna
Vydrná
Vydrnik
Vydrník
Vydrovo
Vydumanec
Vyhne
Vyrava
Výrava
Vysehradne
Vyšehradné
Vysielac
Vysielač
Vyskovce
Vyškovce
Vyskovce nad Iplom
Vyškovce nad Ipľom
Vysna Boca
Vyšná Boca
Vysna Hutka
Vyšná Hutka
Vysna Jablonka
Vyšná Jablonka
Vysna Jedlova
Vyšná Jedľová
Vysna Kalosa
Vyšná Kaloša
Vysna Kamenica
Vyšná Kamenica
Vysna Korna
Vyšná Korňa
Vysna Mysla
Vyšná Myšľa
Vysna Olsava
Vyšná Olšava
Vysna Pisana
Vyšná Pisaná
Vysna Pokoradz
Vyšná Pokoradz
Vysna Polianka
Vyšná Polianka
Vysna Revuca
Vyšná Revúca
Vysna Rybnica
Vyšná Rybnica
Vysna Sebastova
Vyšná Šebastová
Vysna Sitnica
Vyšná Sitnica
Vysna Slana
Vyšná Slaná
Vysna Vladica
Vyšná Vladiča
Vysna Vola
Vyšná Voľa
Vysne Hagy
Vyšné Hágy
Vysne Ladickovce
Vyšné Ladičkovce
Vysne Matiasovce
Vyšné Matiašovce
Vysne nad Hronom
Vyšné nad Hronom
Vysne Nemecke
Vyšné Nemecké
Vysne Opatske
Vyšné Opátske
Vysne Raslavice
Vyšné Raslavice
Vysne Remety
Vyšné Remety
Vysne Repase
Vyšné Repaše
Vysne Revistia
Vyšné Revištia
Vysne Ruzbachy
Vyšné Ružbachy
Vysne Valice
Vyšné Valice
Vysny Caj
Vyšný Čaj
Vysny Hrabovec
Vyšný Hrabovec
Vysny Hrusov
Vyšný Hrušov
Vysny Kazimir
Vyšný Kazimír
Vysny Kelcov
Vyšný Kelčov
Vysny Klatov
Vyšný Klátov
Vysny Komarnik
Vyšný Komárnik
Vysny Koniec
Vyšný Koniec
Vysny Krucov
Vyšný Kručov
Vysny Kubin
Vyšný Kubín
Vysny Lanec
Vyšný Lánec
Vysny Medzev
Vyšný Medzev
Vysny Mirosov
Vyšný Mirošov
Vysny Orlik
Vyšný Orlík
Vysny Skalnik
Vyšný Skálnik
Vysny Slavkov
Vyšný Slavkov
Vysny Sliac
Vyšný Sliač
Vysny Tvarozec
Vyšný Tvarožec
Vysny Zipov
Vyšný Žipov
Vysocany
Vysočany
Vysocky Dvor
Vysocký Dvor
Vysoka
Vysoká
Vysoka nad Kysucou
Vysoká nad Kysucou
Vysoka nad Uhom
Vysoká nad Uhom
Vysoka pri Morave
Vysoká pri Morave
Vysoke Tatry
Vysoké Tatry
Zabany
Žabany
Zabica
Žabica
Zabiedovo
Zábiedovo
Zablatie
Záblatie
Zabokreky
Žabokreky
Zabokreky nad Nitrou
Žabokreky nad Nitrou
Zaborie
Záborie
Zaborske
Záborské
Zabrez
Zábrež
Zabudisova
Zabudišová
Zacharovce
Zadiel
Zádiel
Zadne Halny
Zadné Halny
Zador
Zádor
Zadovica
Žadovica
Zadubnie
Zádubnie
Zahajnica
Zahájnica
Zahor
Záhor
Zahorce
Záhorce
Zahorcie
Záhorčie
Zahorie
Záhorie
Zahorska Bystrica
Záhorská Bystrica
Zahorska Ves
Záhorská Ves
Zahrada
Záhrada
Zahradne
Záhradné
Zahrb
Záhrb
Zajezova
Zaježová
Zakamenne
Zákamenné
Zakarovce
Žakarovce
Zakopcie
Zákopčie
Zakovce
Žakovce
Zakyl
Žakýl
Zakysucie
Zákysučie
Zalaba
Zalesie
Zálesie
Zalobin
Žalobín
Zaluzice
Zalužice
Zamarovce
Zamostie
Zámostie
Zamutov
Zámutov
Zapad
Západ
Zapriechody
Zariec - Keblov
Zárieč - Keblov
Zariecie
Záriečie
Zarnov
Žarnov
Zarnovica
Žarnovica
Zarnovicka Huta
Žarnovická Huta
Zaskalie
Záskalie
Zaskov
Žaškov
Zastranie
Zástranie
Zatin
Zatín
Zatkovce
Žatkovce
Zatoka
Zátoka
Zaturcie
Záturčie
Zavada
Závada
Zavada p/Cier.vrchom
Závada p/Čier.vrchom
Zavada pod Ciernym vrchom
Závada pod Čiernym vrchom
Zavadka
Závadka
Zavadka nad Hronom
Závadka nad Hronom
Zavar
Zavazna Poruba
Závažná Poruba
Zavod
Závod
Zavodie
Závodie
Zazriva
Zázrivá
Zbehnov
Zbehňov
Zbehy
Zbince
Žbince
Zboj
Zbojne
Zbojné
Zbora
Zborov
Zborov nad Bystricou
Zbrojniky
Zbrojníky
Zbudska Bela
Zbudská Belá
Zbudske Dlhe
Zbudské Dlhé
Zbudza
Zbynov
Zbyňov
Zdana
Ždaňa
Zdiar
Ždiar
Zdoba
Zehna
Žehňa
Zehra
Žehra
Zelene
Zelené
Zelenec
Zeleneč
Zeleny Haj
Zelený Háj
Zeleziarne
Železiarne
Zelezna Breznica
Železná Breznica
Zeleznik
Železník
Zelezno
Železnô
Zeliezovce
Želiezovce
Zelmanovce
Želmanovce
Zelobudza
Želobudza
Zelovce
Želovce
Zemberovce
Žemberovce
Zemianska Dedina
Zemianska Olca
Zemianska Olča
Zemianska Zavada
Zemianska Závada
Zemianske Kostolany
Zemianske Kostoľany
Zemianske Lieskove
Zemianske Lieskové
Zemianske Mitice
Zemianske Podhradie
Zemianske Sady
Zemiansky Kvasov
Zemiansky Kvašov
Zemiansky Vrbovok
Zemliare
Žemliare
Zemne
Zemné
Zemplin
Zemplín
Zemplinska Nova Ves
Zemplínska Nová Ves
Zemplinska Sirava
Zemplínska Šírava
Zemplinska Siroka
Zemplínska Široká
Zemplinska Teplica
Zemplínska Teplica
Zemplinske Hamre
Zemplínske Hámre
Zemplinske Hradiste
Zemplínske Hradište
Zemplinske Jastrabie
Zemplínske Jastrabie
Zemplinske Kopcany
Zemplínske Kopčany
Zemplinsky Branc
Zemplínsky Branč
Zemplinsky Klecenov
Zemplínsky Klečenov
Ziar
Žiar
Ziar nad Hronom
Žiar nad Hronom
Zibritov
Žibritov
Ziharec
Žihárec
Zihlava
Žihľava
Zikava
Žikava
Zilina
Žilina
Zilinska Lehota
Žilinská Lehota
Zimna Studna
Zimná Studňa
Zip
Žíp
Zipov
Žipov
Zirany
Žirany
Zirovce
Žírovce
Zitava
Žitava
Zitavany
Žitavany
Zitavce
Žitavce
Zitna
Žitná
Zitna - Radisa
Žitná - Radiša
Zlamana
Zlámaná
Zlata Bana
Zlatá Baňa
Zlata Idka
Zlatá Idka
Zlata Osada
Zlatá Osada
Zlate
Zlaté
Zlate Klasy
Zlaté Klasy
Zlate Moravce
Zlaté Moravce
Zlatna na Ostrove
Zlatná na Ostrove
Zlatnik
Zlatník
Zlatniky
Zlatníky
Zlatno
Zlatovce
Zliechov
Zlkovce
Žlkovce
Zobor
Zohor
Zolna
Zolná
Zombor
Zrnove
Žrnové
Zubak
Zubák
Zuberec
Zubne
Zubné
Zubria
Zubrohlava
Zupcany
Župčany
Zupkov
Župkov
Zvolen
Zvolenska Slatina
Zvolenská Slatina
Zvoncin
Zvončín