-1.57
102
102-ke
108
108-ke
3.16 v novej budove
AIS
BC-300
Betliarska
C320
C517
CD 150
cd-300
CPU
D 124
D 126
D 212
D103
D203
DE150
DE300
Dunajska 25, 811 08 Bratislava
EasyChair
http://bit.ly/OieKaI
https://ankety.fiit.stuba.sk
KTV
laboratoria 1.04 a 1.19 v novej budove FIIT STU
miestnost CD 300
miestnosti 3.08
MV SR
Narodne tenisove centrum
poslucháre? -1.58 (U120) v novej budove FIIT, Mlynská dolina 
pred blokom D na FEIke
pred miestnostou CD300
priestoroch Ministerstva školstva SR,  9. poschodie, miestnos? ?. 901
respirium 3 poschodia v novej budove FIIT
skype
Softverove studio
studijne oddelenie 1.07
T-PC A
telefon (055/6027641) alebo skype (genci.tuke)
Turingova velka ucebna
U120 (0.58)
UI SAV
v novej budove FIIT STU, Ilkovi?ova ul., v Bratislave,v miestnosti 4.08
v priestoroch laboratorii 1.04 a 1.19 v novej budove FIIT STU
v priestoroch Strojníckej fakulty STU v Bratislave
vestibule Fakulty chemickej a potravinárskej technológie STU, Radlinského ul. 11, Bratislava
web
Zapisnica
zasada?ka A 212, 1. poschodie, Rektorát STU, Vazovova 5, Bratislava
zasada?ka UAPI , 4.08
zasada?ke areálu SAV na Dúbravskej ceste 9
zasadacka na 4.poschodi
zasadacka UI SAV
zasadacke c.dv.108
zasadacke nasho ustavu
ŠD Mlados?, pri vrátnici blokov C a D
